2026-05-25 13:56:53.848: [INFO] VisibilityChanged: 0
2026-05-25 13:56:53.884: [INFO] RecordSyncInitDuration has_sync_been_enabled: 0 state: 0
2026-05-25 13:56:53.885: [INFO] RecordSyncInitDuration has_sync_been_enabled: 0 state: 0
2026-05-25 13:56:53.886: [INFO] RecordSyncInitDuration has_sync_been_enabled: 0 state: 0
2026-05-25 13:56:53.888: [INFO] RecordSyncInitDuration has_sync_been_enabled: 0 state: 0
2026-05-25 13:56:53.889: [INFO] RecordSyncInitDuration has_sync_been_enabled: 0 state: 0
2026-05-25 13:56:53.890: [INFO] RecordSyncInitDuration has_sync_been_enabled: 0 state: 0
2026-05-25 13:56:53.891: [INFO] RecordSyncInitDuration has_sync_been_enabled: 0 state: 0
2026-05-25 13:56:53.893: [INFO] RecordSyncInitDuration has_sync_been_enabled: 0 state: 0
2026-05-25 13:56:53.895: [INFO] RecordSyncInitDuration has_sync_been_enabled: 0 state: 0
2026-05-25 13:56:53.897: [INFO] RecordSyncInitDuration has_sync_been_enabled: 0 state: 0
2026-05-25 13:56:53.898: [INFO] RecordSyncInitDuration has_sync_been_enabled: 0 state: 0
2026-05-25 13:56:53.899: [INFO] RecordSyncInitDuration has_sync_been_enabled: 0 state: 0
2026-05-25 13:56:53.920: [INFO] BookmarkModelLoaded, ids_reassigned: 0
2026-05-25 13:56:53.920: [INFO] OnDoneLoading sync enabled: 0
2026-05-25 13:56:53.987: [INFO] RecordSyncInitDuration has_sync_been_enabled: 0 state: 0
2026-05-25 13:56:55.706: [INFO] RecordSyncInitDuration has_sync_been_enabled: 0 state: 0
2026-05-25 13:56:55.709: [INFO] RecordSyncInitDuration has_sync_been_enabled: 0 state: 3
2026-05-25 13:56:55.710: [INFO] Primary account changed.
2026-05-25 13:56:55.710: [INFO] OnPrimaryAccountChanged PrimaryAccountChangeEvent::Type::kSet
2026-05-25 13:56:55.714: [INFO] RecordSyncInitDuration has_sync_been_enabled: 0 state: 3
2026-05-25 13:56:55.727: [INFO] RecordSyncInitDuration has_sync_been_enabled: 0 state: 3
2026-05-25 13:56:57.818: [INFO] BookmarkNodeAdded, ABU: 0
2026-05-25 13:56:57.819: [INFO] BookmarkNodeAdded, ABU: 0
2026-05-25 13:56:57.820: [INFO] BookmarkNodeAdded, ABU: 0
2026-05-25 13:56:57.821: [INFO] BookmarkNodeAdded, ABU: 0
2026-05-25 13:56:57.822: [INFO] BookmarkNodeAdded, ABU: 0
2026-05-25 13:56:57.823: [INFO] BookmarkNodeAdded, ABU: 0
2026-05-25 13:56:57.824: [INFO] BookmarkNodeAdded, ABU: 0
2026-05-25 13:56:57.825: [INFO] BookmarkNodeAdded, ABU: 0
2026-05-25 13:56:57.826: [INFO] BookmarkNodeAdded, ABU: 0
2026-05-25 13:56:57.826: [INFO] BookmarkNodeAdded, ABU: 0
2026-05-25 13:56:57.827: [INFO] BookmarkNodeAdded, ABU: 0
2026-05-25 13:56:57.828: [INFO] BookmarkNodeAdded, ABU: 0
2026-05-25 13:56:57.829: [INFO] BookmarkNodeAdded, ABU: 0
2026-05-25 13:56:57.829: [INFO] BookmarkNodeAdded, ABU: 0
2026-05-25 13:56:57.830: [INFO] BookmarkNodeAdded, ABU: 0
2026-05-25 13:56:57.831: [INFO] BookmarkNodeAdded, ABU: 0
2026-05-25 13:56:57.831: [INFO] BookmarkNodeAdded, ABU: 0
2026-05-25 13:56:57.832: [INFO] BookmarkNodeAdded, ABU: 0
2026-05-25 13:57:00.053: [INFO] Sync initialization duration: 4238ms
2026-05-25 14:12:52.939: [INFO] VisibilityChanged: 0
2026-05-25 14:12:52.988: [INFO] BookmarkModelLoaded, ids_reassigned: 0
2026-05-25 14:12:52.988: [INFO] OnDoneLoading sync enabled: 1
2026-05-25 14:13:03.110: [INFO] Sync initialization duration: 1338ms
