{"logTime": "0527/143156", "correlationVector":"9GK892L8vlb2jJpT5XxB6b.1","action":"SyncServerConnectionManagerRequest", "result":"SYNC_SERVER_OK", "context":{"environment":"Prod_westeurope_prod-s01-080-eur-westeurope", "migrationStage":"NotStarted", "server":"akswtt002000009"}}
{"logTime": "0527/143156", "correlationVector":"9GK892L8vlb2jJpT5XxB6b.2","action":"ProcessGetUpdates", "result":"Done", "context":{"dataType":"History", "deleted":"0", "process_failed_to_decrypt":"0", "process_pending_decryption":"0", "process_success":"250", "total":"250"}}
{"logTime": "0527/143156", "correlationVector":"9GK892L8vlb2jJpT5XxB6b.3","action":"GetUpdates Response", "result":"Success", "context":Received 250 update(s). cV=9GK892L8vlb2jJpT5XxB6b.0;server=akswtt002000009;cloudType=Consumer;environment=Prod_westeurope_prod-s01-080-eur-westeurope;migrationStage=NotStarted Some updates remain.}
{"logTime": "0527/143156", "correlationVector":"v6AOEpewGfyVfFZ8d2X+c+","action":"Initial GetUpdates", "result":"", "context":Reason: NEWLY_SUPPORTED_DATATYPE. cV=v6AOEpewGfyVfFZ8d2X+c+}
{"logTime": "0527/143156", "correlationVector":"v6AOEpewGfyVfFZ8d2X+c+.1","action":"SyncServerConnectionManagerRequest", "result":"SYNC_SERVER_OK", "context":{"environment":"Prod_westeurope_prod-s01-080-eur-westeurope", "migrationStage":"NotStarted", "server":"akswtt002000009"}}
{"logTime": "0527/143156", "correlationVector":"v6AOEpewGfyVfFZ8d2X+c+.2","action":"ProcessGetUpdates", "result":"Done", "context":{"dataType":"History", "deleted":"0", "process_failed_to_decrypt":"0", "process_pending_decryption":"0", "process_success":"250", "total":"250"}}
{"logTime": "0527/143156", "correlationVector":"v6AOEpewGfyVfFZ8d2X+c+.3","action":"GetUpdates Response", "result":"Success", "context":Received 250 update(s). cV=v6AOEpewGfyVfFZ8d2X+c+.0;server=akswtt002000009;cloudType=Consumer;environment=Prod_westeurope_prod-s01-080-eur-westeurope;migrationStage=NotStarted Some updates remain.}
{"logTime": "0527/143156", "correlationVector":"u/0LzYNWJVTEcQCacpvKmQ","action":"Initial GetUpdates", "result":"", "context":Reason: NEWLY_SUPPORTED_DATATYPE. cV=u/0LzYNWJVTEcQCacpvKmQ}
{"logTime": "0527/143157", "correlationVector":"u/0LzYNWJVTEcQCacpvKmQ.1","action":"SyncServerConnectionManagerRequest", "result":"SYNC_SERVER_OK", "context":{"environment":"Prod_westeurope_prod-s01-080-eur-westeurope", "migrationStage":"NotStarted", "server":"akswtt00200000x"}}
{"logTime": "0527/143157", "correlationVector":"u/0LzYNWJVTEcQCacpvKmQ.2","action":"ProcessGetUpdates", "result":"Done", "context":{"dataType":"History", "deleted":"0", "process_failed_to_decrypt":"0", "process_pending_decryption":"0", "process_success":"250", "total":"250"}}
{"logTime": "0527/143157", "correlationVector":"u/0LzYNWJVTEcQCacpvKmQ.3","action":"GetUpdates Response", "result":"Success", "context":Received 250 update(s). cV=u/0LzYNWJVTEcQCacpvKmQ.0;server=akswtt00200000x;cloudType=Consumer;environment=Prod_westeurope_prod-s01-080-eur-westeurope;migrationStage=NotStarted Some updates remain.}
{"logTime": "0527/143157", "correlationVector":"sFgX1TPyk3mJd4a/clB/QL","action":"Initial GetUpdates", "result":"", "context":Reason: NEWLY_SUPPORTED_DATATYPE. cV=sFgX1TPyk3mJd4a/clB/QL}
{"logTime": "0527/143158", "correlationVector":"sFgX1TPyk3mJd4a/clB/QL.1","action":"SyncServerConnectionManagerRequest", "result":"SYNC_SERVER_OK", "context":{"environment":"Prod_westeurope_prod-s01-080-eur-westeurope", "migrationStage":"NotStarted", "server":"akswtt00200000x"}}
{"logTime": "0527/143158", "correlationVector":"sFgX1TPyk3mJd4a/clB/QL.2","action":"ProcessGetUpdates", "result":"Done", "context":{"dataType":"History", "deleted":"0", "process_failed_to_decrypt":"0", "process_pending_decryption":"0", "process_success":"250", "total":"250"}}
{"logTime": "0527/143158", "correlationVector":"sFgX1TPyk3mJd4a/clB/QL.3","action":"GetUpdates Response", "result":"Success", "context":Received 250 update(s). cV=sFgX1TPyk3mJd4a/clB/QL.0;server=akswtt00200000x;cloudType=Consumer;environment=Prod_westeurope_prod-s01-080-eur-westeurope;migrationStage=NotStarted Some updates remain.}
{"logTime": "0527/143158", "correlationVector":"QNAKmdQz/swTNnKXK2vfSQ","action":"Initial GetUpdates", "result":"", "context":Reason: NEWLY_SUPPORTED_DATATYPE. cV=QNAKmdQz/swTNnKXK2vfSQ}
{"logTime": "0527/143158", "correlationVector":"QNAKmdQz/swTNnKXK2vfSQ.1","action":"SyncServerConnectionManagerRequest", "result":"SYNC_SERVER_OK", "context":{"environment":"Prod_westeurope_prod-s01-080-eur-westeurope", "migrationStage":"NotStarted", "server":"akswtt002000002"}}
{"logTime": "0527/143158", "correlationVector":"QNAKmdQz/swTNnKXK2vfSQ.2","action":"ProcessGetUpdates", "result":"Done", "context":{"dataType":"History", "deleted":"0", "process_failed_to_decrypt":"0", "process_pending_decryption":"0", "process_success":"250", "total":"250"}}
{"logTime": "0527/143158", "correlationVector":"QNAKmdQz/swTNnKXK2vfSQ.3","action":"GetUpdates Response", "result":"Success", "context":Received 250 update(s). cV=QNAKmdQz/swTNnKXK2vfSQ.0;server=akswtt002000002;cloudType=Consumer;environment=Prod_westeurope_prod-s01-080-eur-westeurope;migrationStage=NotStarted Some updates remain.}
{"logTime": "0527/143158", "correlationVector":"5nNBu2S67o7TcLR0eC6jpq","action":"Initial GetUpdates", "result":"", "context":Reason: NEWLY_SUPPORTED_DATATYPE. cV=5nNBu2S67o7TcLR0eC6jpq}
{"logTime": "0527/143158", "correlationVector":"5nNBu2S67o7TcLR0eC6jpq.1","action":"SyncServerConnectionManagerRequest", "result":"SYNC_SERVER_OK", "context":{"environment":"Prod_westeurope_prod-s01-080-eur-westeurope", "migrationStage":"NotStarted", "server":"akswtt002000002"}}
{"logTime": "0527/143158", "correlationVector":"5nNBu2S67o7TcLR0eC6jpq.2","action":"ProcessGetUpdates", "result":"Done", "context":{"dataType":"History", "deleted":"0", "process_failed_to_decrypt":"0", "process_pending_decryption":"0", "process_success":"59", "total":"59"}}
{"logTime": "0527/143158", "correlationVector":"5nNBu2S67o7TcLR0eC6jpq.3","action":"GetUpdates Response", "result":"Success", "context":Received 59 update(s). cV=5nNBu2S67o7TcLR0eC6jpq.0;server=akswtt002000002;cloudType=Consumer;environment=Prod_westeurope_prod-s01-080-eur-westeurope;migrationStage=NotStarted}
{"logTime": "0527/143158", "correlationVector":"/uz6DSlOT3q2xeyx80DVTM","action":"Normal GetUpdate request", "result":"", "context":cV=/uz6DSlOT3q2xeyx80DVTM
Nudged types: Passwords, History
Refresh requested types: Bookmarks, Passwords, Autofill Profiles, Autofill, History, Edge Wallet, Encryption Keys}
{"logTime": "0527/143159", "correlationVector":"/uz6DSlOT3q2xeyx80DVTM.1","action":"SyncServerConnectionManagerRequest", "result":"SYNC_SERVER_OK", "context":{"environment":"Prod_westeurope_prod-s01-080-eur-westeurope", "migrationStage":"NotStarted", "server":"akswtt00200000l"}}
{"logTime": "0527/143159", "correlationVector":"/uz6DSlOT3q2xeyx80DVTM.2","action":"GetUpdates Response", "result":"Success", "context":Received 0 update(s). cV=/uz6DSlOT3q2xeyx80DVTM.0;server=akswtt00200000l;cloudType=Consumer;environment=Prod_westeurope_prod-s01-080-eur-westeurope;migrationStage=NotStarted}
{"logTime": "0527/143159", "correlationVector":"b1lzAurITC4xEJHxWzV7xE","action":"Commit Request", "result":"", "context":Item count: 40
Contributing types: Passwords}
{"logTime": "0527/143206", "correlationVector":"b1lzAurITC4xEJHxWzV7xE.1","action":"SyncServerConnectionManagerRequest", "result":"SYNC_SERVER_OK", "context":{"environment":"Prod_westeurope_prod-s01-079-eur-westeurope", "migrationStage":"NotStarted", "server":"akswtt00200000v"}}
{"logTime": "0527/143206", "correlationVector":"b1lzAurITC4xEJHxWzV7xE.2","action":"Commit Response", "result":"Success", "context":Result: Success. cV=b1lzAurITC4xEJHxWzV7xE.0;server=akswtt00200000v;cloudType=Consumer;environment=Prod_westeurope_prod-s01-079-eur-westeurope;migrationStage=NotStarted}
{"logTime": "0527/143206", "correlationVector":"ce/mp7tgL0UjV6avAwu3tb","action":"Commit Request", "result":"", "context":Item count: 8
Contributing types: Passwords, History}
{"logTime": "0527/143207", "correlationVector":"ce/mp7tgL0UjV6avAwu3tb.1","action":"SyncServerConnectionManagerRequest", "result":"SYNC_SERVER_OK", "context":{"environment":"Prod_westeurope_prod-s01-079-eur-westeurope", "migrationStage":"NotStarted", "server":"akswtt00200000g"}}
{"logTime": "0527/143207", "correlationVector":"ce/mp7tgL0UjV6avAwu3tb.2","action":"Commit Response", "result":"Success", "context":Result: Success. cV=ce/mp7tgL0UjV6avAwu3tb.0;server=akswtt00200000g;cloudType=Consumer;environment=Prod_westeurope_prod-s01-079-eur-westeurope;migrationStage=NotStarted}
{"logTime": "0527/143207", "correlationVector":"0x+c2KVeS/G5M4rYId3BeE","action":"Commit Request", "result":"", "context":Item count: 2
Contributing types: History}
{"logTime": "0527/143208", "correlationVector":"0x+c2KVeS/G5M4rYId3BeE.1","action":"SyncServerConnectionManagerRequest", "result":"SYNC_SERVER_OK", "context":{"environment":"Prod_westeurope_prod-s01-079-eur-westeurope", "migrationStage":"NotStarted", "server":"akswtt002000006"}}
{"logTime": "0527/143208", "correlationVector":"0x+c2KVeS/G5M4rYId3BeE.2","action":"Commit Response", "result":"Success", "context":Result: Success. cV=0x+c2KVeS/G5M4rYId3BeE.0;server=akswtt002000006;cloudType=Consumer;environment=Prod_westeurope_prod-s01-079-eur-westeurope;migrationStage=NotStarted}
{"logTime": "0527/143310", "correlationVector":"pbRtKDxdoKb5WtgnFRVcB/","action":"Commit Request", "result":"", "context":Item count: 4
Contributing types: History}
{"logTime": "0527/143311", "correlationVector":"pbRtKDxdoKb5WtgnFRVcB/.1","action":"SyncServerConnectionManagerRequest", "result":"SYNC_SERVER_OK", "context":{"environment":"Prod_westeurope_prod-s01-080-eur-westeurope", "migrationStage":"NotStarted", "server":"akswtt002000003"}}
{"logTime": "0527/143311", "correlationVector":"pbRtKDxdoKb5WtgnFRVcB/.2","action":"Commit Response", "result":"Success", "context":Result: Success. cV=pbRtKDxdoKb5WtgnFRVcB/.0;server=akswtt002000003;cloudType=Consumer;environment=Prod_westeurope_prod-s01-080-eur-westeurope;migrationStage=NotStarted}
{"logTime": "0527/143532", "correlationVector":"X1C5JUIID9kH1H/JiWmgQf.1","action":"SyncServerConnectionManagerRequest", "result":"SYNC_SERVER_OK", "context":{"environment":"Prod_westeurope_prod-s01-080-eur-westeurope", "migrationStage":"NotStarted", "server":"akswtt00200000h"}}
{"logTime": "0527/143532", "correlationVector":"X1C5JUIID9kH1H/JiWmgQf.2","action":"ProcessGetUpdates", "result":"Done", "context":{"dataType":"Encryption Keys", "deleted":"0", "process_failed_to_decrypt":"0", "process_pending_decryption":"0", "process_success":"1", "total":"1"}}
{"logTime": "0527/143533", "correlationVector":"DAh1OHlaqg8MG/agj0ckp8","action":"SyncServerConnectionManagerRequest", "result":"SYNC_SERVER_ERROR", "context":{"environment":"", "error_type":"http_status_code", "error_value":"400", "migrationStage":"", "server":""}}
{"logTime": "0527/143533", "correlationVector":"X1C5JUIID9kH1H/JiWmgQf","action":"Initial GetUpdates", "result":"", "context":Reason: NEW_CLIENT. cV=X1C5JUIID9kH1H/JiWmgQf}
{"logTime": "0527/143533", "correlationVector":"X1C5JUIID9kH1H/JiWmgQf.3","action":"GetUpdates Response", "result":"Success", "context":Received 1 update(s). cV=X1C5JUIID9kH1H/JiWmgQf.0;server=akswtt00200000h;cloudType=Consumer;environment=Prod_westeurope_prod-s01-080-eur-westeurope;migrationStage=NotStarted}
{"logTime": "0527/143533", "correlationVector":"Imn40VJ47xFgOdtQ+cBne7","action":"Normal GetUpdate request", "result":"", "context":cV=Imn40VJ47xFgOdtQ+cBne7
Nudged types: History
Refresh requested types: Bookmarks, History, Edge Wallet, Encryption Keys}
{"logTime": "0527/143533", "correlationVector":"Imn40VJ47xFgOdtQ+cBne7.1","action":"SyncServerConnectionManagerRequest", "result":"SYNC_SERVER_OK", "context":{"environment":"Prod_westeurope_prod-s01-080-eur-westeurope", "migrationStage":"NotStarted", "server":"akswtt002000006"}}
{"logTime": "0527/143533", "correlationVector":"Imn40VJ47xFgOdtQ+cBne7.2","action":"ProcessGetUpdates", "result":"Done", "context":{"dataType":"History", "deleted":"0", "process_failed_to_decrypt":"0", "process_pending_decryption":"0", "process_success":"6", "total":"6"}}
{"logTime": "0527/143533", "correlationVector":"Imn40VJ47xFgOdtQ+cBne7.3","action":"GetUpdates Response", "result":"Success", "context":Received 6 update(s). cV=Imn40VJ47xFgOdtQ+cBne7.0;server=akswtt002000006;cloudType=Consumer;environment=Prod_westeurope_prod-s01-080-eur-westeurope;migrationStage=NotStarted}
{"logTime": "0527/143533", "correlationVector":"yIpSE8KCKKA1/3brmBUjX0","action":"Commit Request", "result":"", "context":Item count: 1
Contributing types: History}
{"logTime": "0527/143533", "correlationVector":"yIpSE8KCKKA1/3brmBUjX0.1","action":"SyncServerConnectionManagerRequest", "result":"SYNC_SERVER_OK", "context":{"environment":"Prod_westeurope_prod-s01-080-eur-westeurope", "migrationStage":"NotStarted", "server":"akswtt00200000o"}}
{"logTime": "0527/143533", "correlationVector":"yIpSE8KCKKA1/3brmBUjX0.2","action":"Commit Response", "result":"Success", "context":Result: Success. cV=yIpSE8KCKKA1/3brmBUjX0.0;server=akswtt00200000o;cloudType=Consumer;environment=Prod_westeurope_prod-s01-080-eur-westeurope;migrationStage=NotStarted}
{"logTime": "0527/143534", "correlationVector":"Sqfvkc8lD/dRZ/b9r9Qg8B","action":"SyncServerConnectionManagerRequest", "result":"SYNC_SERVER_ERROR", "context":{"environment":"", "error_type":"http_status_code", "error_value":"400", "migrationStage":"", "server":""}}
{"logTime": "0527/143534", "correlationVector":"09WQMdFUa51+zsMd/RJi9m","action":"Normal GetUpdate request", "result":"", "context":cV=09WQMdFUa51+zsMd/RJi9m
Nudged types: History
Refresh requested types: Encryption Keys}
{"logTime": "0527/143534", "correlationVector":"09WQMdFUa51+zsMd/RJi9m.1","action":"SyncServerConnectionManagerRequest", "result":"SYNC_SERVER_OK", "context":{"environment":"Prod_westeurope_prod-s01-080-eur-westeurope", "migrationStage":"NotStarted", "server":"akswtt002000000"}}
{"logTime": "0527/143534", "correlationVector":"09WQMdFUa51+zsMd/RJi9m.2","action":"ProcessGetUpdates", "result":"Done", "context":{"dataType":"History", "deleted":"0", "process_failed_to_decrypt":"0", "process_pending_decryption":"0", "process_success":"1", "total":"1"}}
{"logTime": "0527/143534", "correlationVector":"09WQMdFUa51+zsMd/RJi9m.3","action":"GetUpdates Response", "result":"Success", "context":Received 1 update(s). cV=09WQMdFUa51+zsMd/RJi9m.0;server=akswtt002000000;cloudType=Consumer;environment=Prod_westeurope_prod-s01-080-eur-westeurope;migrationStage=NotStarted}
{"logTime": "0527/143535", "correlationVector":"k5sOWy9ffno+X3jKVAIPvO","action":"SyncServerConnectionManagerRequest", "result":"SYNC_SERVER_ERROR", "context":{"environment":"", "error_type":"http_status_code", "error_value":"400", "migrationStage":"", "server":""}}
{"logTime": "0527/143536", "correlationVector":"69+K9NuSY46FISUxcj9GNL","action":"Normal GetUpdate request", "result":"", "context":cV=69+K9NuSY46FISUxcj9GNL
Refresh requested types: Encryption Keys}
{"logTime": "0527/143536", "correlationVector":"69+K9NuSY46FISUxcj9GNL.1","action":"SyncServerConnectionManagerRequest", "result":"SYNC_SERVER_OK", "context":{"environment":"Prod_westeurope_prod-s01-080-eur-westeurope", "migrationStage":"NotStarted", "server":"akswtt00200000n"}}
{"logTime": "0527/143536", "correlationVector":"69+K9NuSY46FISUxcj9GNL.2","action":"GetUpdates Response", "result":"Success", "context":Received 0 update(s). cV=69+K9NuSY46FISUxcj9GNL.0;server=akswtt00200000n;cloudType=Consumer;environment=Prod_westeurope_prod-s01-080-eur-westeurope;migrationStage=NotStarted}
{"logTime": "0527/143536", "correlationVector":"x21kYp3waHw6pZ8r45BGqA","action":"SyncServerConnectionManagerRequest", "result":"SYNC_SERVER_ERROR", "context":{"environment":"", "error_type":"http_status_code", "error_value":"400", "migrationStage":"", "server":""}}
{"logTime": "0527/143540", "correlationVector":"MlB/TtZqHs3Pjzd1s7kS3p","action":"Normal GetUpdate request", "result":"", "context":cV=MlB/TtZqHs3Pjzd1s7kS3p
Nudged types: History
Refresh requested types: Encryption Keys}
{"logTime": "0527/143540", "correlationVector":"MlB/TtZqHs3Pjzd1s7kS3p.1","action":"SyncServerConnectionManagerRequest", "result":"SYNC_SERVER_OK", "context":{"environment":"Prod_westeurope_prod-s01-080-eur-westeurope", "migrationStage":"NotStarted", "server":"akswtt002000000"}}
{"logTime": "0527/143540", "correlationVector":"MlB/TtZqHs3Pjzd1s7kS3p.2","action":"GetUpdates Response", "result":"Success", "context":Received 0 update(s). cV=MlB/TtZqHs3Pjzd1s7kS3p.0;server=akswtt002000000;cloudType=Consumer;environment=Prod_westeurope_prod-s01-080-eur-westeurope;migrationStage=NotStarted}
{"logTime": "0527/143540", "correlationVector":"D9HL9pbZWDTFtfbCcufx96","action":"Commit Request", "result":"", "context":Item count: 2
Contributing types: History}
{"logTime": "0527/143541", "correlationVector":"D9HL9pbZWDTFtfbCcufx96.1","action":"SyncServerConnectionManagerRequest", "result":"SYNC_SERVER_OK", "context":{"environment":"Prod_westeurope_prod-s01-080-eur-westeurope", "migrationStage":"NotStarted", "server":"akswtt00200000m"}}
{"logTime": "0527/143541", "correlationVector":"D9HL9pbZWDTFtfbCcufx96.2","action":"Commit Response", "result":"Success", "context":Result: Success. cV=D9HL9pbZWDTFtfbCcufx96.0;server=akswtt00200000m;cloudType=Consumer;environment=Prod_westeurope_prod-s01-080-eur-westeurope;migrationStage=NotStarted}
{"logTime": "0527/143541", "correlationVector":"NLlvqHnTMXpfs0Pnl9P9Vf","action":"SyncServerConnectionManagerRequest", "result":"SYNC_SERVER_ERROR", "context":{"environment":"", "error_type":"http_status_code", "error_value":"400", "migrationStage":"", "server":""}}
{"logTime": "0527/143549", "correlationVector":"Rc9zAgZBeRLoosbg31iq1n","action":"Normal GetUpdate request", "result":"", "context":cV=Rc9zAgZBeRLoosbg31iq1n
Nudged types: History
Refresh requested types: Encryption Keys}
{"logTime": "0527/143549", "correlationVector":"Rc9zAgZBeRLoosbg31iq1n.1","action":"SyncServerConnectionManagerRequest", "result":"SYNC_SERVER_OK", "context":{"environment":"Prod_westeurope_prod-s01-080-eur-westeurope", "migrationStage":"NotStarted", "server":"akswtt002000000"}}
{"logTime": "0527/143549", "correlationVector":"Rc9zAgZBeRLoosbg31iq1n.2","action":"ProcessGetUpdates", "result":"Done", "context":{"dataType":"History", "deleted":"0", "process_failed_to_decrypt":"0", "process_pending_decryption":"0", "process_success":"2", "total":"2"}}
{"logTime": "0527/143549", "correlationVector":"Rc9zAgZBeRLoosbg31iq1n.3","action":"GetUpdates Response", "result":"Success", "context":Received 2 update(s). cV=Rc9zAgZBeRLoosbg31iq1n.0;server=akswtt002000000;cloudType=Consumer;environment=Prod_westeurope_prod-s01-080-eur-westeurope;migrationStage=NotStarted}
{"logTime": "0527/143549", "correlationVector":"7JryZRYhYngR2nPRfw+V/L","action":"Commit Request", "result":"", "context":Item count: 4
Contributing types: History}
{"logTime": "0527/143550", "correlationVector":"7JryZRYhYngR2nPRfw+V/L.1","action":"SyncServerConnectionManagerRequest", "result":"SYNC_SERVER_OK", "context":{"environment":"Prod_westeurope_prod-s01-080-eur-westeurope", "migrationStage":"NotStarted", "server":"akswtt00200000p"}}
{"logTime": "0527/143550", "correlationVector":"7JryZRYhYngR2nPRfw+V/L.2","action":"Commit Response", "result":"Success", "context":Result: Success. cV=7JryZRYhYngR2nPRfw+V/L.0;server=akswtt00200000p;cloudType=Consumer;environment=Prod_westeurope_prod-s01-080-eur-westeurope;migrationStage=NotStarted}
{"logTime": "0527/143551", "correlationVector":"AGQAGYBfOAHXrBPcaeJgnF","action":"SyncServerConnectionManagerRequest", "result":"SYNC_SERVER_ERROR", "context":{"environment":"", "error_type":"http_status_code", "error_value":"400", "migrationStage":"", "server":""}}
{"logTime": "0527/143606", "correlationVector":"x4GTeYkmjWMGqlJqBVtE/3","action":"Normal GetUpdate request", "result":"", "context":cV=x4GTeYkmjWMGqlJqBVtE/3
Nudged types: History
Refresh requested types: Encryption Keys}
{"logTime": "0527/143607", "correlationVector":"x4GTeYkmjWMGqlJqBVtE/3.1","action":"SyncServerConnectionManagerRequest", "result":"SYNC_SERVER_OK", "context":{"environment":"Prod_westeurope_prod-s01-080-eur-westeurope", "migrationStage":"NotStarted", "server":"akswtt002000006"}}
{"logTime": "0527/143607", "correlationVector":"x4GTeYkmjWMGqlJqBVtE/3.2","action":"ProcessGetUpdates", "result":"Done", "context":{"dataType":"History", "deleted":"0", "process_failed_to_decrypt":"0", "process_pending_decryption":"0", "process_success":"4", "total":"4"}}
{"logTime": "0527/143607", "correlationVector":"x4GTeYkmjWMGqlJqBVtE/3.3","action":"GetUpdates Response", "result":"Success", "context":Received 4 update(s). cV=x4GTeYkmjWMGqlJqBVtE/3.0;server=akswtt002000006;cloudType=Consumer;environment=Prod_westeurope_prod-s01-080-eur-westeurope;migrationStage=NotStarted}
{"logTime": "0527/143607", "correlationVector":"wwVLXuQU9c5Cp9SGzHNlaf","action":"Commit Request", "result":"", "context":Item count: 4
Contributing types: History}
{"logTime": "0527/143608", "correlationVector":"wwVLXuQU9c5Cp9SGzHNlaf.1","action":"SyncServerConnectionManagerRequest", "result":"SYNC_SERVER_OK", "context":{"environment":"Prod_westeurope_prod-s01-080-eur-westeurope", "migrationStage":"NotStarted", "server":"akswtt00200000h"}}
{"logTime": "0527/143608", "correlationVector":"wwVLXuQU9c5Cp9SGzHNlaf.2","action":"Commit Response", "result":"Success", "context":Result: Success. cV=wwVLXuQU9c5Cp9SGzHNlaf.0;server=akswtt00200000h;cloudType=Consumer;environment=Prod_westeurope_prod-s01-080-eur-westeurope;migrationStage=NotStarted}
{"logTime": "0527/143608", "correlationVector":"NkQ6PgM6AdjxnW9fhbI/xa","action":"SyncServerConnectionManagerRequest", "result":"SYNC_SERVER_OK", "context":{"environment":"", "migrationStage":"", "server":""}}
{"logTime": "0527/143608", "correlationVector":"NkQ6PgM6AdjxnW9fhbI/xa.0","action":"EncryptionKeysFetcher.DownloadKeys:", "result":"Success", "context":Key count: 7, Last key timestamp: 2026-05-26T20:26:13Z}
{"logTime": "0527/143608", "correlationVector":"NkQ6PgM6AdjxnW9fhbI/xa.1","action":"EncryptionKeysManager::SetEncryptionKeys:", "result":"Success", "context":Key names[7]:[1UeR1yk9YtvfUokxn53GXD3jpm9XW36ssxgBvox7WfN2ictttT9EQvkqM4gNHni9VH1kCD0jgvec65sb2B+kkw==][1Lnluz+y1MrEJRb5AhDPVTn66OfVkpgU1Ekck23OHXj/dc0CN4XaE1h/gv644EY48F0Vp568O0pKZ3eIshTVnw==][xu3jyVbkdYAgt9knpY1EEGc/0TpIceYFD8XoHT9Tmpaq+eZp+Id3xq5K4gY6q+KnbY+Xks6uW4ykBwgPPnb/ng==][n/xvg7obdV7aeIQZfxk8vsYuntwOs/keMxkSCpHPIJIqyeOlPjO0e7F9cDsvDAn5Dk5xWuCkr9VOsKgAAHO2lw==][XfjtE+XK2LE8LlOPTciaU72Lny0wIN0o3v1u5g8r9SpxujThEtiTZYSUsUHgkNLl9y3s3Rn5QXedv82T6H6+hw==][6mk3mVctDjd9JcUYqwiPtFIBT7IngFqljYdOV82u6r0N2PWv+MkP2LJgm2cEuCcETN/6f5mS5OP7DSLNvURXQQ==][NBGO71kiAxmSoWtfmW7D7QVBEITb3WQHkQuS+mbcHTAiFbpFSEX7zdh4PJD0XR4tYE+099p+Nw5VFm/pLg0rvw==]}
{"logTime": "0527/143608", "correlationVector":"NkQ6PgM6AdjxnW9fhbI/xa.2","action":"EncryptionKeysManager::SetEncryptionKeysWithTimestamps:", "result":"Success", "context":Key timestamps[7]:[2022-10-11T17:16:17Z][2023-11-17T06:55:36Z][2024-05-16T23:55:24Z][2024-12-01T09:25:12Z][2025-05-31T19:39:03Z][2025-11-27T19:51:04Z][2026-05-26T20:26:13Z]}
{"logTime": "0527/143608", "correlationVector":"WUaKTaOambAmnhips8t7Ya","action":"Initial GetUpdates", "result":"", "context":Reason: NEWLY_SUPPORTED_DATATYPE. cV=WUaKTaOambAmnhips8t7Ya}
{"logTime": "0527/143608", "correlationVector":"WUaKTaOambAmnhips8t7Ya.1","action":"SyncServerConnectionManagerRequest", "result":"SYNC_SERVER_OK", "context":{"environment":"Prod_westeurope_prod-s01-080-eur-westeurope", "migrationStage":"NotStarted", "server":"akswtt00200000p"}}
{"logTime": "0527/143608", "correlationVector":"WUaKTaOambAmnhips8t7Ya.2","action":"ProcessGetUpdates", "result":"Done", "context":{"dataType":"Passwords", "deleted":"1", "process_failed_to_decrypt":"0", "process_pending_decryption":"0", "process_success":"59", "total":"59"}}
{"logTime": "0527/143608", "correlationVector":"WUaKTaOambAmnhips8t7Ya.3","action":"GetUpdates Response", "result":"Success", "context":Received 59 update(s). cV=WUaKTaOambAmnhips8t7Ya.0;server=akswtt00200000p;cloudType=Consumer;environment=Prod_westeurope_prod-s01-080-eur-westeurope;migrationStage=NotStarted}
{"logTime": "0527/143609", "correlationVector":"/BsxXp51pNgEFhGzjxSJnf","action":"Normal GetUpdate request", "result":"", "context":cV=/BsxXp51pNgEFhGzjxSJnf
Nudged types: History
Refresh requested types: Bookmarks, Passwords, Autofill Profiles, Autofill, History, Edge Wallet, Encryption Keys}
{"logTime": "0527/143609", "correlationVector":"/BsxXp51pNgEFhGzjxSJnf.1","action":"SyncServerConnectionManagerRequest", "result":"SYNC_SERVER_OK", "context":{"environment":"Prod_westeurope_prod-s01-080-eur-westeurope", "migrationStage":"NotStarted", "server":"akswtt00200000r"}}
{"logTime": "0527/143609", "correlationVector":"/BsxXp51pNgEFhGzjxSJnf.2","action":"ProcessGetUpdates", "result":"Done", "context":{"dataType":"History", "deleted":"0", "process_failed_to_decrypt":"0", "process_pending_decryption":"0", "process_success":"4", "total":"4"}}
{"logTime": "0527/143609", "correlationVector":"/BsxXp51pNgEFhGzjxSJnf.3","action":"GetUpdates Response", "result":"Success", "context":Received 4 update(s). cV=/BsxXp51pNgEFhGzjxSJnf.0;server=akswtt00200000r;cloudType=Consumer;environment=Prod_westeurope_prod-s01-080-eur-westeurope;migrationStage=NotStarted}
{"logTime": "0527/143612", "correlationVector":"15dg+3C94V8Po3gNP8YtNP","action":"Commit Request", "result":"", "context":Item count: 40
Contributing types: Passwords}
{"logTime": "0527/143618", "correlationVector":"15dg+3C94V8Po3gNP8YtNP.1","action":"SyncServerConnectionManagerRequest", "result":"SYNC_SERVER_OK", "context":{"environment":"Prod_westeurope_prod-s01-080-eur-westeurope", "migrationStage":"NotStarted", "server":"akswtt002000002"}}
{"logTime": "0527/143618", "correlationVector":"15dg+3C94V8Po3gNP8YtNP.2","action":"Commit Response", "result":"Success", "context":Result: Success. cV=15dg+3C94V8Po3gNP8YtNP.0;server=akswtt002000002;cloudType=Consumer;environment=Prod_westeurope_prod-s01-080-eur-westeurope;migrationStage=NotStarted}
{"logTime": "0527/143618", "correlationVector":"xUM9atn+lDqdlbK2WdrU00","action":"Commit Request", "result":"", "context":Item count: 6
Contributing types: Passwords}
{"logTime": "0527/143619", "correlationVector":"xUM9atn+lDqdlbK2WdrU00.1","action":"SyncServerConnectionManagerRequest", "result":"SYNC_SERVER_OK", "context":{"environment":"Prod_westeurope_prod-s01-080-eur-westeurope", "migrationStage":"NotStarted", "server":"akswtt002000009"}}
{"logTime": "0527/143619", "correlationVector":"xUM9atn+lDqdlbK2WdrU00.2","action":"Commit Response", "result":"Success", "context":Result: Success. cV=xUM9atn+lDqdlbK2WdrU00.0;server=akswtt002000009;cloudType=Consumer;environment=Prod_westeurope_prod-s01-080-eur-westeurope;migrationStage=NotStarted}
{"logTime": "0527/144500", "correlationVector":"QRYkab4KYlFrrG/i6OlabV.1","action":"SyncServerConnectionManagerRequest", "result":"SYNC_SERVER_OK", "context":{"environment":"Prod_westeurope_prod-s01-080-eur-westeurope", "migrationStage":"NotStarted", "server":"akswtt00200000q"}}
{"logTime": "0527/144500", "correlationVector":"QRYkab4KYlFrrG/i6OlabV.2","action":"ProcessGetUpdates", "result":"Done", "context":{"dataType":"Encryption Keys", "deleted":"0", "process_failed_to_decrypt":"0", "process_pending_decryption":"0", "process_success":"1", "total":"1"}}
{"logTime": "0527/144500", "correlationVector":"JtoccuXIW2IW8k39uSIyf4","action":"SyncServerConnectionManagerRequest", "result":"SYNC_SERVER_OK", "context":{"environment":"", "migrationStage":"", "server":""}}
{"logTime": "0527/144500", "correlationVector":"JtoccuXIW2IW8k39uSIyf4.0","action":"EncryptionKeysFetcher.DownloadKeys:", "result":"Success", "context":Key count: 7, Last key timestamp: 2026-05-26T20:26:13Z}
{"logTime": "0527/144500", "correlationVector":"JtoccuXIW2IW8k39uSIyf4.1","action":"EncryptionKeysManager::SetEncryptionKeys:", "result":"Success", "context":Key names[7]:[1UeR1yk9YtvfUokxn53GXD3jpm9XW36ssxgBvox7WfN2ictttT9EQvkqM4gNHni9VH1kCD0jgvec65sb2B+kkw==][1Lnluz+y1MrEJRb5AhDPVTn66OfVkpgU1Ekck23OHXj/dc0CN4XaE1h/gv644EY48F0Vp568O0pKZ3eIshTVnw==][xu3jyVbkdYAgt9knpY1EEGc/0TpIceYFD8XoHT9Tmpaq+eZp+Id3xq5K4gY6q+KnbY+Xks6uW4ykBwgPPnb/ng==][n/xvg7obdV7aeIQZfxk8vsYuntwOs/keMxkSCpHPIJIqyeOlPjO0e7F9cDsvDAn5Dk5xWuCkr9VOsKgAAHO2lw==][XfjtE+XK2LE8LlOPTciaU72Lny0wIN0o3v1u5g8r9SpxujThEtiTZYSUsUHgkNLl9y3s3Rn5QXedv82T6H6+hw==][6mk3mVctDjd9JcUYqwiPtFIBT7IngFqljYdOV82u6r0N2PWv+MkP2LJgm2cEuCcETN/6f5mS5OP7DSLNvURXQQ==][NBGO71kiAxmSoWtfmW7D7QVBEITb3WQHkQuS+mbcHTAiFbpFSEX7zdh4PJD0XR4tYE+099p+Nw5VFm/pLg0rvw==]}
{"logTime": "0527/144500", "correlationVector":"JtoccuXIW2IW8k39uSIyf4.2","action":"EncryptionKeysManager::SetEncryptionKeysWithTimestamps:", "result":"Success", "context":Key timestamps[7]:[2022-10-11T17:16:17Z][2023-11-17T06:55:36Z][2024-05-16T23:55:24Z][2024-12-01T09:25:12Z][2025-05-31T19:39:03Z][2025-11-27T19:51:04Z][2026-05-26T20:26:13Z]}
{"logTime": "0527/144500", "correlationVector":"QRYkab4KYlFrrG/i6OlabV","action":"Initial GetUpdates", "result":"", "context":Reason: NEW_CLIENT. cV=QRYkab4KYlFrrG/i6OlabV}
{"logTime": "0527/144500", "correlationVector":"QRYkab4KYlFrrG/i6OlabV.3","action":"GetUpdates Response", "result":"Success", "context":Received 1 update(s). cV=QRYkab4KYlFrrG/i6OlabV.0;server=akswtt00200000q;cloudType=Consumer;environment=Prod_westeurope_prod-s01-080-eur-westeurope;migrationStage=NotStarted}
{"logTime": "0527/144500", "correlationVector":"YPlqUr/Qj+suQK2hcNCnXF","action":"Initial GetUpdates", "result":"", "context":Reason: NEWLY_SUPPORTED_DATATYPE. cV=YPlqUr/Qj+suQK2hcNCnXF}
{"logTime": "0527/144501", "correlationVector":"YPlqUr/Qj+suQK2hcNCnXF.1","action":"SyncServerConnectionManagerRequest", "result":"SYNC_SERVER_OK", "context":{"environment":"Prod_westeurope_prod-s01-080-eur-westeurope", "migrationStage":"NotStarted", "server":"akswtt00200000k"}}
{"logTime": "0527/144501", "correlationVector":"YPlqUr/Qj+suQK2hcNCnXF.2","action":"ProcessGetUpdates", "result":"Done", "context":{"dataType":"Passwords", "deleted":"1", "process_failed_to_decrypt":"0", "process_pending_decryption":"0", "process_success":"59", "total":"59"}}
{"logTime": "0527/144501", "correlationVector":"YPlqUr/Qj+suQK2hcNCnXF.3","action":"GetUpdates Response", "result":"Success", "context":Received 59 update(s). cV=YPlqUr/Qj+suQK2hcNCnXF.0;server=akswtt00200000k;cloudType=Consumer;environment=Prod_westeurope_prod-s01-080-eur-westeurope;migrationStage=NotStarted}
{"logTime": "0527/144501", "correlationVector":"TPT/O1oHHPrydOrecqb7/V","action":"Initial GetUpdates", "result":"", "context":Reason: NEWLY_SUPPORTED_DATATYPE. cV=TPT/O1oHHPrydOrecqb7/V}
{"logTime": "0527/144501", "correlationVector":"TPT/O1oHHPrydOrecqb7/V.1","action":"SyncServerConnectionManagerRequest", "result":"SYNC_SERVER_OK", "context":{"environment":"Prod_westeurope_prod-s01-080-eur-westeurope", "migrationStage":"NotStarted", "server":"akswtt002000000"}}
{"logTime": "0527/144501", "correlationVector":"TPT/O1oHHPrydOrecqb7/V.2","action":"ProcessGetUpdates", "result":"Done", "context":{"dataType":"Bookmarks", "deleted":"6", "process_failed_to_decrypt":"0", "process_pending_decryption":"0", "process_success":"30", "total":"30"}}
{"logTime": "0527/144501", "correlationVector":"TPT/O1oHHPrydOrecqb7/V.3","action":"GetUpdates Response", "result":"Success", "context":Received 30 update(s). cV=TPT/O1oHHPrydOrecqb7/V.0;server=akswtt002000000;cloudType=Consumer;environment=Prod_westeurope_prod-s01-080-eur-westeurope;migrationStage=NotStarted}
{"logTime": "0527/144501", "correlationVector":"UW9dhnHRuzOWQI7KPUG3Cq","action":"Initial GetUpdates", "result":"", "context":Reason: NEWLY_SUPPORTED_DATATYPE. cV=UW9dhnHRuzOWQI7KPUG3Cq}
{"logTime": "0527/144501", "correlationVector":"UW9dhnHRuzOWQI7KPUG3Cq.1","action":"SyncServerConnectionManagerRequest", "result":"SYNC_SERVER_OK", "context":{"environment":"Prod_westeurope_prod-s01-080-eur-westeurope", "migrationStage":"NotStarted", "server":"akswtt00200000j"}}
{"logTime": "0527/144501", "correlationVector":"UW9dhnHRuzOWQI7KPUG3Cq.2","action":"ProcessGetUpdates", "result":"Done", "context":{"dataType":"Autofill Profiles", "deleted":"0", "process_failed_to_decrypt":"0", "process_pending_decryption":"0", "process_success":"8", "total":"8"}}
{"logTime": "0527/144501", "correlationVector":"UW9dhnHRuzOWQI7KPUG3Cq.3","action":"ProcessGetUpdates", "result":"Done", "context":{"dataType":"Autofill", "deleted":"0", "process_failed_to_decrypt":"0", "process_pending_decryption":"0", "process_success":"76", "total":"76"}}
{"logTime": "0527/144501", "correlationVector":"UW9dhnHRuzOWQI7KPUG3Cq.4","action":"GetUpdates Response", "result":"Success", "context":Received 84 update(s). cV=UW9dhnHRuzOWQI7KPUG3Cq.0;server=akswtt00200000j;cloudType=Consumer;environment=Prod_westeurope_prod-s01-080-eur-westeurope;migrationStage=NotStarted}
{"logTime": "0527/144501", "correlationVector":"jmwk4X+yBHiiJA5xXi2lE4","action":"Initial GetUpdates", "result":"", "context":Reason: NEWLY_SUPPORTED_DATATYPE. cV=jmwk4X+yBHiiJA5xXi2lE4}
{"logTime": "0527/144502", "correlationVector":"jmwk4X+yBHiiJA5xXi2lE4.1","action":"SyncServerConnectionManagerRequest", "result":"SYNC_SERVER_OK", "context":{"environment":"Prod_westeurope_prod-s01-080-eur-westeurope", "migrationStage":"NotStarted", "server":"akswtt00200000v"}}
{"logTime": "0527/144502", "correlationVector":"jmwk4X+yBHiiJA5xXi2lE4.2","action":"ProcessGetUpdates", "result":"Done", "context":{"dataType":"History", "deleted":"0", "process_failed_to_decrypt":"0", "process_pending_decryption":"0", "process_success":"250", "total":"250"}}
{"logTime": "0527/144502", "correlationVector":"jmwk4X+yBHiiJA5xXi2lE4.3","action":"GetUpdates Response", "result":"Success", "context":Received 250 update(s). cV=jmwk4X+yBHiiJA5xXi2lE4.0;server=akswtt00200000v;cloudType=Consumer;environment=Prod_westeurope_prod-s01-080-eur-westeurope;migrationStage=NotStarted Some updates remain.}
{"logTime": "0527/144502", "correlationVector":"MABT50wX8eOWFX1NDOdx+K","action":"Initial GetUpdates", "result":"", "context":Reason: NEWLY_SUPPORTED_DATATYPE. cV=MABT50wX8eOWFX1NDOdx+K}
{"logTime": "0527/144503", "correlationVector":"MABT50wX8eOWFX1NDOdx+K.1","action":"SyncServerConnectionManagerRequest", "result":"SYNC_SERVER_OK", "context":{"environment":"Prod_westeurope_prod-s01-080-eur-westeurope", "migrationStage":"NotStarted", "server":"akswtt00200000r"}}
{"logTime": "0527/144503", "correlationVector":"MABT50wX8eOWFX1NDOdx+K.2","action":"ProcessGetUpdates", "result":"Done", "context":{"dataType":"History", "deleted":"0", "process_failed_to_decrypt":"0", "process_pending_decryption":"0", "process_success":"250", "total":"250"}}
{"logTime": "0527/144503", "correlationVector":"MABT50wX8eOWFX1NDOdx+K.3","action":"GetUpdates Response", "result":"Success", "context":Received 250 update(s). cV=MABT50wX8eOWFX1NDOdx+K.0;server=akswtt00200000r;cloudType=Consumer;environment=Prod_westeurope_prod-s01-080-eur-westeurope;migrationStage=NotStarted Some updates remain.}
{"logTime": "0527/144503", "correlationVector":"4MXdwsrE2BShEtzpU/BJvX","action":"Initial GetUpdates", "result":"", "context":Reason: NEWLY_SUPPORTED_DATATYPE. cV=4MXdwsrE2BShEtzpU/BJvX}
{"logTime": "0527/144504", "correlationVector":"4MXdwsrE2BShEtzpU/BJvX.1","action":"SyncServerConnectionManagerRequest", "result":"SYNC_SERVER_OK", "context":{"environment":"Prod_westeurope_prod-s01-080-eur-westeurope", "migrationStage":"NotStarted", "server":"akswtt00200000l"}}
{"logTime": "0527/144504", "correlationVector":"4MXdwsrE2BShEtzpU/BJvX.2","action":"ProcessGetUpdates", "result":"Done", "context":{"dataType":"History", "deleted":"0", "process_failed_to_decrypt":"0", "process_pending_decryption":"0", "process_success":"250", "total":"250"}}
{"logTime": "0527/144504", "correlationVector":"4MXdwsrE2BShEtzpU/BJvX.3","action":"GetUpdates Response", "result":"Success", "context":Received 250 update(s). cV=4MXdwsrE2BShEtzpU/BJvX.0;server=akswtt00200000l;cloudType=Consumer;environment=Prod_westeurope_prod-s01-080-eur-westeurope;migrationStage=NotStarted Some updates remain.}
{"logTime": "0527/144504", "correlationVector":"rE0aSEW451Ne2ua2SuUPvd","action":"Initial GetUpdates", "result":"", "context":Reason: NEWLY_SUPPORTED_DATATYPE. cV=rE0aSEW451Ne2ua2SuUPvd}
{"logTime": "0527/144504", "correlationVector":"rE0aSEW451Ne2ua2SuUPvd.1","action":"SyncServerConnectionManagerRequest", "result":"SYNC_SERVER_OK", "context":{"environment":"Prod_westeurope_prod-s01-080-eur-westeurope", "migrationStage":"NotStarted", "server":"akswtt00200000a"}}
{"logTime": "0527/144504", "correlationVector":"rE0aSEW451Ne2ua2SuUPvd.2","action":"ProcessGetUpdates", "result":"Done", "context":{"dataType":"History", "deleted":"0", "process_failed_to_decrypt":"0", "process_pending_decryption":"0", "process_success":"250", "total":"250"}}
{"logTime": "0527/144504", "correlationVector":"rE0aSEW451Ne2ua2SuUPvd.3","action":"GetUpdates Response", "result":"Success", "context":Received 250 update(s). cV=rE0aSEW451Ne2ua2SuUPvd.0;server=akswtt00200000a;cloudType=Consumer;environment=Prod_westeurope_prod-s01-080-eur-westeurope;migrationStage=NotStarted Some updates remain.}
{"logTime": "0527/144504", "correlationVector":"8UgUMdLyjLBdddCOSHy9K7","action":"Initial GetUpdates", "result":"", "context":Reason: NEWLY_SUPPORTED_DATATYPE. cV=8UgUMdLyjLBdddCOSHy9K7}
{"logTime": "0527/144505", "correlationVector":"8UgUMdLyjLBdddCOSHy9K7.1","action":"SyncServerConnectionManagerRequest", "result":"SYNC_SERVER_OK", "context":{"environment":"Prod_westeurope_prod-s01-080-eur-westeurope", "migrationStage":"NotStarted", "server":"akswtt002000005"}}
{"logTime": "0527/144505", "correlationVector":"8UgUMdLyjLBdddCOSHy9K7.2","action":"ProcessGetUpdates", "result":"Done", "context":{"dataType":"History", "deleted":"0", "process_failed_to_decrypt":"0", "process_pending_decryption":"0", "process_success":"250", "total":"250"}}
{"logTime": "0527/144505", "correlationVector":"8UgUMdLyjLBdddCOSHy9K7.3","action":"GetUpdates Response", "result":"Success", "context":Received 250 update(s). cV=8UgUMdLyjLBdddCOSHy9K7.0;server=akswtt002000005;cloudType=Consumer;environment=Prod_westeurope_prod-s01-080-eur-westeurope;migrationStage=NotStarted Some updates remain.}
{"logTime": "0527/144505", "correlationVector":"AJoo8vbKL9n6r5uK4mkZmw","action":"Initial GetUpdates", "result":"", "context":Reason: NEWLY_SUPPORTED_DATATYPE. cV=AJoo8vbKL9n6r5uK4mkZmw}
{"logTime": "0527/144506", "correlationVector":"AJoo8vbKL9n6r5uK4mkZmw.1","action":"SyncServerConnectionManagerRequest", "result":"SYNC_SERVER_OK", "context":{"environment":"Prod_westeurope_prod-s01-080-eur-westeurope", "migrationStage":"NotStarted", "server":"akswtt00200000q"}}
{"logTime": "0527/144506", "correlationVector":"AJoo8vbKL9n6r5uK4mkZmw.2","action":"ProcessGetUpdates", "result":"Done", "context":{"dataType":"History", "deleted":"0", "process_failed_to_decrypt":"0", "process_pending_decryption":"0", "process_success":"250", "total":"250"}}
{"logTime": "0527/144506", "correlationVector":"AJoo8vbKL9n6r5uK4mkZmw.3","action":"GetUpdates Response", "result":"Success", "context":Received 250 update(s). cV=AJoo8vbKL9n6r5uK4mkZmw.0;server=akswtt00200000q;cloudType=Consumer;environment=Prod_westeurope_prod-s01-080-eur-westeurope;migrationStage=NotStarted Some updates remain.}
{"logTime": "0527/144506", "correlationVector":"2V5N7KznRKHhYjglCOMMUP","action":"Initial GetUpdates", "result":"", "context":Reason: NEWLY_SUPPORTED_DATATYPE. cV=2V5N7KznRKHhYjglCOMMUP}
{"logTime": "0527/144506", "correlationVector":"2V5N7KznRKHhYjglCOMMUP.1","action":"SyncServerConnectionManagerRequest", "result":"SYNC_SERVER_OK", "context":{"environment":"Prod_westeurope_prod-s01-080-eur-westeurope", "migrationStage":"NotStarted", "server":"akswtt002000005"}}
{"logTime": "0527/144506", "correlationVector":"2V5N7KznRKHhYjglCOMMUP.2","action":"ProcessGetUpdates", "result":"Done", "context":{"dataType":"History", "deleted":"0", "process_failed_to_decrypt":"0", "process_pending_decryption":"0", "process_success":"250", "total":"250"}}
{"logTime": "0527/144506", "correlationVector":"2V5N7KznRKHhYjglCOMMUP.3","action":"GetUpdates Response", "result":"Success", "context":Received 250 update(s). cV=2V5N7KznRKHhYjglCOMMUP.0;server=akswtt002000005;cloudType=Consumer;environment=Prod_westeurope_prod-s01-080-eur-westeurope;migrationStage=NotStarted Some updates remain.}
{"logTime": "0527/144506", "correlationVector":"Aoc4kUYwqv4WxJjO/Kcdgo","action":"Initial GetUpdates", "result":"", "context":Reason: NEWLY_SUPPORTED_DATATYPE. cV=Aoc4kUYwqv4WxJjO/Kcdgo}
{"logTime": "0527/144507", "correlationVector":"Aoc4kUYwqv4WxJjO/Kcdgo.1","action":"SyncServerConnectionManagerRequest", "result":"SYNC_SERVER_OK", "context":{"environment":"Prod_westeurope_prod-s01-080-eur-westeurope", "migrationStage":"NotStarted", "server":"akswtt002000000"}}
{"logTime": "0527/144507", "correlationVector":"Aoc4kUYwqv4WxJjO/Kcdgo.2","action":"ProcessGetUpdates", "result":"Done", "context":{"dataType":"History", "deleted":"0", "process_failed_to_decrypt":"0", "process_pending_decryption":"0", "process_success":"250", "total":"250"}}
{"logTime": "0527/144507", "correlationVector":"Aoc4kUYwqv4WxJjO/Kcdgo.3","action":"GetUpdates Response", "result":"Success", "context":Received 250 update(s). cV=Aoc4kUYwqv4WxJjO/Kcdgo.0;server=akswtt002000000;cloudType=Consumer;environment=Prod_westeurope_prod-s01-080-eur-westeurope;migrationStage=NotStarted Some updates remain.}
{"logTime": "0527/144507", "correlationVector":"yWhmYrJYQ/wuyf6GgC82Iv","action":"Initial GetUpdates", "result":"", "context":Reason: NEWLY_SUPPORTED_DATATYPE. cV=yWhmYrJYQ/wuyf6GgC82Iv}
{"logTime": "0527/144507", "correlationVector":"yWhmYrJYQ/wuyf6GgC82Iv.1","action":"SyncServerConnectionManagerRequest", "result":"SYNC_SERVER_OK", "context":{"environment":"Prod_westeurope_prod-s01-080-eur-westeurope", "migrationStage":"NotStarted", "server":"akswtt002000014"}}
{"logTime": "0527/144507", "correlationVector":"yWhmYrJYQ/wuyf6GgC82Iv.2","action":"ProcessGetUpdates", "result":"Done", "context":{"dataType":"History", "deleted":"0", "process_failed_to_decrypt":"0", "process_pending_decryption":"0", "process_success":"250", "total":"250"}}
{"logTime": "0527/144507", "correlationVector":"yWhmYrJYQ/wuyf6GgC82Iv.3","action":"GetUpdates Response", "result":"Success", "context":Received 250 update(s). cV=yWhmYrJYQ/wuyf6GgC82Iv.0;server=akswtt002000014;cloudType=Consumer;environment=Prod_westeurope_prod-s01-080-eur-westeurope;migrationStage=NotStarted Some updates remain.}
{"logTime": "0527/144507", "correlationVector":"qAwXj9lJy+U6VTBfAWtCed","action":"Initial GetUpdates", "result":"", "context":Reason: NEWLY_SUPPORTED_DATATYPE. cV=qAwXj9lJy+U6VTBfAWtCed}
{"logTime": "0527/144508", "correlationVector":"qAwXj9lJy+U6VTBfAWtCed.1","action":"SyncServerConnectionManagerRequest", "result":"SYNC_SERVER_OK", "context":{"environment":"Prod_westeurope_prod-s01-080-eur-westeurope", "migrationStage":"NotStarted", "server":"akswtt002000014"}}
{"logTime": "0527/144508", "correlationVector":"qAwXj9lJy+U6VTBfAWtCed.2","action":"ProcessGetUpdates", "result":"Done", "context":{"dataType":"History", "deleted":"0", "process_failed_to_decrypt":"0", "process_pending_decryption":"0", "process_success":"73", "total":"73"}}
{"logTime": "0527/144508", "correlationVector":"qAwXj9lJy+U6VTBfAWtCed.3","action":"GetUpdates Response", "result":"Success", "context":Received 73 update(s). cV=qAwXj9lJy+U6VTBfAWtCed.0;server=akswtt002000014;cloudType=Consumer;environment=Prod_westeurope_prod-s01-080-eur-westeurope;migrationStage=NotStarted}
{"logTime": "0527/144508", "correlationVector":"ABhXzKU3o+33zAu5QTUJzg","action":"Normal GetUpdate request", "result":"", "context":cV=ABhXzKU3o+33zAu5QTUJzg
Nudged types: Passwords, History
Refresh requested types: Bookmarks, Passwords, Autofill Profiles, Autofill, History, Edge Wallet, Encryption Keys}
{"logTime": "0527/144508", "correlationVector":"ABhXzKU3o+33zAu5QTUJzg.1","action":"SyncServerConnectionManagerRequest", "result":"SYNC_SERVER_OK", "context":{"environment":"Prod_westeurope_prod-s01-080-eur-westeurope", "migrationStage":"NotStarted", "server":"akswtt00200000f"}}
{"logTime": "0527/144508", "correlationVector":"ABhXzKU3o+33zAu5QTUJzg.2","action":"GetUpdates Response", "result":"Success", "context":Received 0 update(s). cV=ABhXzKU3o+33zAu5QTUJzg.0;server=akswtt00200000f;cloudType=Consumer;environment=Prod_westeurope_prod-s01-080-eur-westeurope;migrationStage=NotStarted}
{"logTime": "0527/144508", "correlationVector":"CBt9qz44kBaXP+ku8O4fRd","action":"Commit Request", "result":"", "context":Item count: 40
Contributing types: Passwords}
{"logTime": "0527/144515", "correlationVector":"CBt9qz44kBaXP+ku8O4fRd.1","action":"SyncServerConnectionManagerRequest", "result":"SYNC_SERVER_OK", "context":{"environment":"Prod_westeurope_prod-s01-080-eur-westeurope", "migrationStage":"NotStarted", "server":"akswtt00200000g"}}
{"logTime": "0527/144515", "correlationVector":"CBt9qz44kBaXP+ku8O4fRd.2","action":"Commit Response", "result":"Success", "context":Result: Success. cV=CBt9qz44kBaXP+ku8O4fRd.0;server=akswtt00200000g;cloudType=Consumer;environment=Prod_westeurope_prod-s01-080-eur-westeurope;migrationStage=NotStarted}
{"logTime": "0527/144515", "correlationVector":"X3Hyg++txYqkh4ADp8duYR","action":"Commit Request", "result":"", "context":Item count: 9
Contributing types: Passwords, History}
{"logTime": "0527/144516", "correlationVector":"X3Hyg++txYqkh4ADp8duYR.1","action":"SyncServerConnectionManagerRequest", "result":"SYNC_SERVER_OK", "context":{"environment":"Prod_westeurope_prod-s01-080-eur-westeurope", "migrationStage":"NotStarted", "server":"akswtt00200000v"}}
{"logTime": "0527/144516", "correlationVector":"X3Hyg++txYqkh4ADp8duYR.2","action":"Commit Response", "result":"Success", "context":Result: Success. cV=X3Hyg++txYqkh4ADp8duYR.0;server=akswtt00200000v;cloudType=Consumer;environment=Prod_westeurope_prod-s01-080-eur-westeurope;migrationStage=NotStarted}
{"logTime": "0527/144517", "correlationVector":"aov0B2kge1qvm0A6wGShRj","action":"Commit Request", "result":"", "context":Item count: 2
Contributing types: History}
{"logTime": "0527/144517", "correlationVector":"aov0B2kge1qvm0A6wGShRj.1","action":"SyncServerConnectionManagerRequest", "result":"SYNC_SERVER_OK", "context":{"environment":"Prod_westeurope_prod-s01-080-eur-westeurope", "migrationStage":"NotStarted", "server":"akswtt00200000g"}}
{"logTime": "0527/144517", "correlationVector":"aov0B2kge1qvm0A6wGShRj.2","action":"Commit Response", "result":"Success", "context":Result: Success. cV=aov0B2kge1qvm0A6wGShRj.0;server=akswtt00200000g;cloudType=Consumer;environment=Prod_westeurope_prod-s01-080-eur-westeurope;migrationStage=NotStarted}
{"logTime": "0527/144619", "correlationVector":"MWbDiISitZjO/zndBZ6I4B","action":"Commit Request", "result":"", "context":Item count: 7
Contributing types: History}
{"logTime": "0527/144621", "correlationVector":"MWbDiISitZjO/zndBZ6I4B.1","action":"SyncServerConnectionManagerRequest", "result":"SYNC_SERVER_OK", "context":{"environment":"Prod_westeurope_prod-s01-080-eur-westeurope", "migrationStage":"NotStarted", "server":"akswtt00200000l"}}
{"logTime": "0527/144621", "correlationVector":"MWbDiISitZjO/zndBZ6I4B.2","action":"Commit Response", "result":"Success", "context":Result: Success. cV=MWbDiISitZjO/zndBZ6I4B.0;server=akswtt00200000l;cloudType=Consumer;environment=Prod_westeurope_prod-s01-080-eur-westeurope;migrationStage=NotStarted}
{"logTime": "0527/145033", "correlationVector":"0q5uj1pj8zQX8sQ85bfchL.1","action":"SyncServerConnectionManagerRequest", "result":"SYNC_SERVER_OK", "context":{"environment":"Prod_westeurope_prod-s01-080-eur-westeurope", "migrationStage":"NotStarted", "server":"akswtt00200000h"}}
{"logTime": "0527/145033", "correlationVector":"0q5uj1pj8zQX8sQ85bfchL.2","action":"ProcessGetUpdates", "result":"Done", "context":{"dataType":"Encryption Keys", "deleted":"0", "process_failed_to_decrypt":"0", "process_pending_decryption":"0", "process_success":"1", "total":"1"}}
{"logTime": "0527/145033", "correlationVector":"p4SB0fBEB8ngLV2EibI96/","action":"SyncServerConnectionManagerRequest", "result":"SYNC_SERVER_OK", "context":{"environment":"", "migrationStage":"", "server":""}}
{"logTime": "0527/145033", "correlationVector":"p4SB0fBEB8ngLV2EibI96/.0","action":"EncryptionKeysFetcher.DownloadKeys:", "result":"Success", "context":Key count: 7, Last key timestamp: 2026-05-26T20:26:13Z}
{"logTime": "0527/145033", "correlationVector":"p4SB0fBEB8ngLV2EibI96/.1","action":"EncryptionKeysManager::SetEncryptionKeys:", "result":"Success", "context":Key names[7]:[1UeR1yk9YtvfUokxn53GXD3jpm9XW36ssxgBvox7WfN2ictttT9EQvkqM4gNHni9VH1kCD0jgvec65sb2B+kkw==][1Lnluz+y1MrEJRb5AhDPVTn66OfVkpgU1Ekck23OHXj/dc0CN4XaE1h/gv644EY48F0Vp568O0pKZ3eIshTVnw==][xu3jyVbkdYAgt9knpY1EEGc/0TpIceYFD8XoHT9Tmpaq+eZp+Id3xq5K4gY6q+KnbY+Xks6uW4ykBwgPPnb/ng==][n/xvg7obdV7aeIQZfxk8vsYuntwOs/keMxkSCpHPIJIqyeOlPjO0e7F9cDsvDAn5Dk5xWuCkr9VOsKgAAHO2lw==][XfjtE+XK2LE8LlOPTciaU72Lny0wIN0o3v1u5g8r9SpxujThEtiTZYSUsUHgkNLl9y3s3Rn5QXedv82T6H6+hw==][6mk3mVctDjd9JcUYqwiPtFIBT7IngFqljYdOV82u6r0N2PWv+MkP2LJgm2cEuCcETN/6f5mS5OP7DSLNvURXQQ==][NBGO71kiAxmSoWtfmW7D7QVBEITb3WQHkQuS+mbcHTAiFbpFSEX7zdh4PJD0XR4tYE+099p+Nw5VFm/pLg0rvw==]}
{"logTime": "0527/145033", "correlationVector":"p4SB0fBEB8ngLV2EibI96/.2","action":"EncryptionKeysManager::SetEncryptionKeysWithTimestamps:", "result":"Success", "context":Key timestamps[7]:[2022-10-11T17:16:17Z][2023-11-17T06:55:36Z][2024-05-16T23:55:24Z][2024-12-01T09:25:12Z][2025-05-31T19:39:03Z][2025-11-27T19:51:04Z][2026-05-26T20:26:13Z]}
{"logTime": "0527/145033", "correlationVector":"0q5uj1pj8zQX8sQ85bfchL","action":"Initial GetUpdates", "result":"", "context":Reason: NEW_CLIENT. cV=0q5uj1pj8zQX8sQ85bfchL}
{"logTime": "0527/145033", "correlationVector":"0q5uj1pj8zQX8sQ85bfchL.3","action":"GetUpdates Response", "result":"Success", "context":Received 1 update(s). cV=0q5uj1pj8zQX8sQ85bfchL.0;server=akswtt00200000h;cloudType=Consumer;environment=Prod_westeurope_prod-s01-080-eur-westeurope;migrationStage=NotStarted}
{"logTime": "0527/145033", "correlationVector":"KR1wr9blJIwDQbJxZ4Irn2","action":"Initial GetUpdates", "result":"", "context":Reason: NEWLY_SUPPORTED_DATATYPE. cV=KR1wr9blJIwDQbJxZ4Irn2}
{"logTime": "0527/145034", "correlationVector":"KR1wr9blJIwDQbJxZ4Irn2.1","action":"SyncServerConnectionManagerRequest", "result":"SYNC_SERVER_OK", "context":{"environment":"Prod_westeurope_prod-s01-080-eur-westeurope", "migrationStage":"NotStarted", "server":"akswtt00200000j"}}
{"logTime": "0527/145034", "correlationVector":"KR1wr9blJIwDQbJxZ4Irn2.2","action":"ProcessGetUpdates", "result":"Done", "context":{"dataType":"Passwords", "deleted":"1", "process_failed_to_decrypt":"0", "process_pending_decryption":"0", "process_success":"59", "total":"59"}}
{"logTime": "0527/145034", "correlationVector":"KR1wr9blJIwDQbJxZ4Irn2.3","action":"GetUpdates Response", "result":"Success", "context":Received 59 update(s). cV=KR1wr9blJIwDQbJxZ4Irn2.0;server=akswtt00200000j;cloudType=Consumer;environment=Prod_westeurope_prod-s01-080-eur-westeurope;migrationStage=NotStarted}
{"logTime": "0527/145034", "correlationVector":"6F2kOdaMb7S9KZntenQvkF","action":"Normal GetUpdate request", "result":"", "context":cV=6F2kOdaMb7S9KZntenQvkF
Nudged types: History
Refresh requested types: Bookmarks, Passwords, Autofill Profiles, Autofill, History, Edge Wallet, Encryption Keys}
{"logTime": "0527/145034", "correlationVector":"6F2kOdaMb7S9KZntenQvkF.1","action":"SyncServerConnectionManagerRequest", "result":"SYNC_SERVER_OK", "context":{"environment":"Prod_westeurope_prod-s01-080-eur-westeurope", "migrationStage":"NotStarted", "server":"akswtt00200000m"}}
{"logTime": "0527/145034", "correlationVector":"6F2kOdaMb7S9KZntenQvkF.2","action":"ProcessGetUpdates", "result":"Done", "context":{"dataType":"History", "deleted":"0", "process_failed_to_decrypt":"0", "process_pending_decryption":"0", "process_success":"10", "total":"10"}}
{"logTime": "0527/145034", "correlationVector":"6F2kOdaMb7S9KZntenQvkF.3","action":"GetUpdates Response", "result":"Success", "context":Received 10 update(s). cV=6F2kOdaMb7S9KZntenQvkF.0;server=akswtt00200000m;cloudType=Consumer;environment=Prod_westeurope_prod-s01-080-eur-westeurope;migrationStage=NotStarted}
{"logTime": "0527/145034", "correlationVector":"SP2SK3M/b1WA1+CMMHCEAT","action":"Commit Request", "result":"", "context":Item count: 1
Contributing types: History}
{"logTime": "0527/145035", "correlationVector":"SP2SK3M/b1WA1+CMMHCEAT.1","action":"SyncServerConnectionManagerRequest", "result":"SYNC_SERVER_OK", "context":{"environment":"Prod_westeurope_prod-s01-080-eur-westeurope", "migrationStage":"NotStarted", "server":"akswtt00200000n"}}
{"logTime": "0527/145035", "correlationVector":"SP2SK3M/b1WA1+CMMHCEAT.2","action":"Commit Response", "result":"Success", "context":Result: Success. cV=SP2SK3M/b1WA1+CMMHCEAT.0;server=akswtt00200000n;cloudType=Consumer;environment=Prod_westeurope_prod-s01-080-eur-westeurope;migrationStage=NotStarted}
{"logTime": "0527/145039", "correlationVector":"4J4DbKxJUNBgC2isTxIHVB","action":"Commit Request", "result":"", "context":Item count: 40
Contributing types: Passwords}
{"logTime": "0527/145046", "correlationVector":"4J4DbKxJUNBgC2isTxIHVB.1","action":"SyncServerConnectionManagerRequest", "result":"SYNC_SERVER_OK", "context":{"environment":"Prod_westeurope_prod-s01-080-eur-westeurope", "migrationStage":"NotStarted", "server":"akswtt00200000x"}}
{"logTime": "0527/145046", "correlationVector":"4J4DbKxJUNBgC2isTxIHVB.2","action":"Commit Response", "result":"Success", "context":Result: Success. cV=4J4DbKxJUNBgC2isTxIHVB.0;server=akswtt00200000x;cloudType=Consumer;environment=Prod_westeurope_prod-s01-080-eur-westeurope;migrationStage=NotStarted}
{"logTime": "0527/145046", "correlationVector":"QE0gnk4B6+LsvvI3q7yS/T","action":"Commit Request", "result":"", "context":Item count: 8
Contributing types: Passwords, History}
{"logTime": "0527/145047", "correlationVector":"QE0gnk4B6+LsvvI3q7yS/T.1","action":"SyncServerConnectionManagerRequest", "result":"SYNC_SERVER_OK", "context":{"environment":"Prod_westeurope_prod-s01-080-eur-westeurope", "migrationStage":"NotStarted", "server":"akswtt00200000n"}}
{"logTime": "0527/145047", "correlationVector":"QE0gnk4B6+LsvvI3q7yS/T.2","action":"Commit Response", "result":"Success", "context":Result: Success. cV=QE0gnk4B6+LsvvI3q7yS/T.0;server=akswtt00200000n;cloudType=Consumer;environment=Prod_westeurope_prod-s01-080-eur-westeurope;migrationStage=NotStarted}
{"logTime": "0527/145155", "correlationVector":"IF6TKHX6X0fmgm1ilYBteB","action":"Commit Request", "result":"", "context":Item count: 8
Contributing types: History}
{"logTime": "0527/145157", "correlationVector":"IF6TKHX6X0fmgm1ilYBteB.1","action":"SyncServerConnectionManagerRequest", "result":"SYNC_SERVER_OK", "context":{"environment":"Prod_westeurope_prod-s01-080-eur-westeurope", "migrationStage":"NotStarted", "server":"akswtt00200000s"}}
{"logTime": "0527/145157", "correlationVector":"IF6TKHX6X0fmgm1ilYBteB.2","action":"Commit Response", "result":"Success", "context":Result: Success. cV=IF6TKHX6X0fmgm1ilYBteB.0;server=akswtt00200000s;cloudType=Consumer;environment=Prod_westeurope_prod-s01-080-eur-westeurope;migrationStage=NotStarted}
{"logTime": "0527/145940", "correlationVector":"8vab2Y62qdSMfVgHSXmiFq.1","action":"SyncServerConnectionManagerRequest", "result":"SYNC_SERVER_OK", "context":{"environment":"Prod_westeurope_prod-s01-079-eur-westeurope", "migrationStage":"NotStarted", "server":"akswtt002000001"}}
{"logTime": "0527/145940", "correlationVector":"8vab2Y62qdSMfVgHSXmiFq.2","action":"ProcessGetUpdates", "result":"Done", "context":{"dataType":"Encryption Keys", "deleted":"0", "process_failed_to_decrypt":"0", "process_pending_decryption":"0", "process_success":"1", "total":"1"}}
{"logTime": "0527/145941", "correlationVector":"QlKzLxk6VRMytdJIph+Rwe","action":"SyncServerConnectionManagerRequest", "result":"SYNC_SERVER_OK", "context":{"environment":"", "migrationStage":"", "server":""}}
{"logTime": "0527/145941", "correlationVector":"QlKzLxk6VRMytdJIph+Rwe.0","action":"EncryptionKeysFetcher.DownloadKeys:", "result":"Success", "context":Key count: 7, Last key timestamp: 2026-05-26T20:26:13Z}
{"logTime": "0527/145941", "correlationVector":"QlKzLxk6VRMytdJIph+Rwe.1","action":"EncryptionKeysManager::SetEncryptionKeys:", "result":"Success", "context":Key names[7]:[1UeR1yk9YtvfUokxn53GXD3jpm9XW36ssxgBvox7WfN2ictttT9EQvkqM4gNHni9VH1kCD0jgvec65sb2B+kkw==][1Lnluz+y1MrEJRb5AhDPVTn66OfVkpgU1Ekck23OHXj/dc0CN4XaE1h/gv644EY48F0Vp568O0pKZ3eIshTVnw==][xu3jyVbkdYAgt9knpY1EEGc/0TpIceYFD8XoHT9Tmpaq+eZp+Id3xq5K4gY6q+KnbY+Xks6uW4ykBwgPPnb/ng==][n/xvg7obdV7aeIQZfxk8vsYuntwOs/keMxkSCpHPIJIqyeOlPjO0e7F9cDsvDAn5Dk5xWuCkr9VOsKgAAHO2lw==][XfjtE+XK2LE8LlOPTciaU72Lny0wIN0o3v1u5g8r9SpxujThEtiTZYSUsUHgkNLl9y3s3Rn5QXedv82T6H6+hw==][6mk3mVctDjd9JcUYqwiPtFIBT7IngFqljYdOV82u6r0N2PWv+MkP2LJgm2cEuCcETN/6f5mS5OP7DSLNvURXQQ==][NBGO71kiAxmSoWtfmW7D7QVBEITb3WQHkQuS+mbcHTAiFbpFSEX7zdh4PJD0XR4tYE+099p+Nw5VFm/pLg0rvw==]}
{"logTime": "0527/145941", "correlationVector":"QlKzLxk6VRMytdJIph+Rwe.2","action":"EncryptionKeysManager::SetEncryptionKeysWithTimestamps:", "result":"Success", "context":Key timestamps[7]:[2022-10-11T17:16:17Z][2023-11-17T06:55:36Z][2024-05-16T23:55:24Z][2024-12-01T09:25:12Z][2025-05-31T19:39:03Z][2025-11-27T19:51:04Z][2026-05-26T20:26:13Z]}
{"logTime": "0527/145941", "correlationVector":"8vab2Y62qdSMfVgHSXmiFq","action":"Initial GetUpdates", "result":"", "context":Reason: NEW_CLIENT. cV=8vab2Y62qdSMfVgHSXmiFq}
{"logTime": "0527/145941", "correlationVector":"8vab2Y62qdSMfVgHSXmiFq.3","action":"GetUpdates Response", "result":"Success", "context":Received 1 update(s). cV=8vab2Y62qdSMfVgHSXmiFq.0;server=akswtt002000001;cloudType=Consumer;environment=Prod_westeurope_prod-s01-079-eur-westeurope;migrationStage=NotStarted}
{"logTime": "0527/145941", "correlationVector":"IcuDpDsaCXwX6CPDtix5+s","action":"Initial GetUpdates", "result":"", "context":Reason: NEWLY_SUPPORTED_DATATYPE. cV=IcuDpDsaCXwX6CPDtix5+s}
{"logTime": "0527/145941", "correlationVector":"IcuDpDsaCXwX6CPDtix5+s.1","action":"SyncServerConnectionManagerRequest", "result":"SYNC_SERVER_OK", "context":{"environment":"Prod_westeurope_prod-s01-079-eur-westeurope", "migrationStage":"NotStarted", "server":"akswtt002000009"}}
{"logTime": "0527/145941", "correlationVector":"IcuDpDsaCXwX6CPDtix5+s.2","action":"ProcessGetUpdates", "result":"Done", "context":{"dataType":"Passwords", "deleted":"1", "process_failed_to_decrypt":"0", "process_pending_decryption":"0", "process_success":"59", "total":"59"}}
{"logTime": "0527/145941", "correlationVector":"IcuDpDsaCXwX6CPDtix5+s.3","action":"GetUpdates Response", "result":"Success", "context":Received 59 update(s). cV=IcuDpDsaCXwX6CPDtix5+s.0;server=akswtt002000009;cloudType=Consumer;environment=Prod_westeurope_prod-s01-079-eur-westeurope;migrationStage=NotStarted}
{"logTime": "0527/145941", "correlationVector":"g5EB9NY5DiduqoKfmZB2x0","action":"Initial GetUpdates", "result":"", "context":Reason: NEWLY_SUPPORTED_DATATYPE. cV=g5EB9NY5DiduqoKfmZB2x0}
{"logTime": "0527/145942", "correlationVector":"g5EB9NY5DiduqoKfmZB2x0.1","action":"SyncServerConnectionManagerRequest", "result":"SYNC_SERVER_OK", "context":{"environment":"Prod_westeurope_prod-s01-079-eur-westeurope", "migrationStage":"NotStarted", "server":"akswtt00200000m"}}
{"logTime": "0527/145942", "correlationVector":"g5EB9NY5DiduqoKfmZB2x0.2","action":"ProcessGetUpdates", "result":"Done", "context":{"dataType":"Bookmarks", "deleted":"6", "process_failed_to_decrypt":"0", "process_pending_decryption":"0", "process_success":"30", "total":"30"}}
{"logTime": "0527/145942", "correlationVector":"g5EB9NY5DiduqoKfmZB2x0.3","action":"GetUpdates Response", "result":"Success", "context":Received 30 update(s). cV=g5EB9NY5DiduqoKfmZB2x0.0;server=akswtt00200000m;cloudType=Consumer;environment=Prod_westeurope_prod-s01-079-eur-westeurope;migrationStage=NotStarted}
{"logTime": "0527/145942", "correlationVector":"THjGlN7tB67cKKyxINduSC","action":"Initial GetUpdates", "result":"", "context":Reason: NEWLY_SUPPORTED_DATATYPE. cV=THjGlN7tB67cKKyxINduSC}
{"logTime": "0527/145942", "correlationVector":"THjGlN7tB67cKKyxINduSC.1","action":"SyncServerConnectionManagerRequest", "result":"SYNC_SERVER_OK", "context":{"environment":"Prod_westeurope_prod-s01-079-eur-westeurope", "migrationStage":"NotStarted", "server":"akswtt00200000i"}}
{"logTime": "0527/145942", "correlationVector":"THjGlN7tB67cKKyxINduSC.2","action":"ProcessGetUpdates", "result":"Done", "context":{"dataType":"Autofill Profiles", "deleted":"0", "process_failed_to_decrypt":"0", "process_pending_decryption":"0", "process_success":"8", "total":"8"}}
{"logTime": "0527/145942", "correlationVector":"THjGlN7tB67cKKyxINduSC.3","action":"ProcessGetUpdates", "result":"Done", "context":{"dataType":"Autofill", "deleted":"0", "process_failed_to_decrypt":"0", "process_pending_decryption":"0", "process_success":"76", "total":"76"}}
{"logTime": "0527/145942", "correlationVector":"THjGlN7tB67cKKyxINduSC.4","action":"GetUpdates Response", "result":"Success", "context":Received 84 update(s). cV=THjGlN7tB67cKKyxINduSC.0;server=akswtt00200000i;cloudType=Consumer;environment=Prod_westeurope_prod-s01-079-eur-westeurope;migrationStage=NotStarted}
{"logTime": "0527/145942", "correlationVector":"HCwOSnU9w8UeasOdPlVQHg","action":"Initial GetUpdates", "result":"", "context":Reason: NEWLY_SUPPORTED_DATATYPE. cV=HCwOSnU9w8UeasOdPlVQHg}
{"logTime": "0527/145943", "correlationVector":"HCwOSnU9w8UeasOdPlVQHg.1","action":"SyncServerConnectionManagerRequest", "result":"SYNC_SERVER_OK", "context":{"environment":"Prod_westeurope_prod-s01-079-eur-westeurope", "migrationStage":"NotStarted", "server":"akswtt00200000w"}}
{"logTime": "0527/145943", "correlationVector":"HCwOSnU9w8UeasOdPlVQHg.2","action":"ProcessGetUpdates", "result":"Done", "context":{"dataType":"History", "deleted":"0", "process_failed_to_decrypt":"0", "process_pending_decryption":"0", "process_success":"250", "total":"250"}}
{"logTime": "0527/145943", "correlationVector":"HCwOSnU9w8UeasOdPlVQHg.3","action":"GetUpdates Response", "result":"Success", "context":Received 250 update(s). cV=HCwOSnU9w8UeasOdPlVQHg.0;server=akswtt00200000w;cloudType=Consumer;environment=Prod_westeurope_prod-s01-079-eur-westeurope;migrationStage=NotStarted Some updates remain.}
{"logTime": "0527/145943", "correlationVector":"s3fZj3LdwAffysfIScbHjV","action":"Initial GetUpdates", "result":"", "context":Reason: NEWLY_SUPPORTED_DATATYPE. cV=s3fZj3LdwAffysfIScbHjV}
{"logTime": "0527/145943", "correlationVector":"s3fZj3LdwAffysfIScbHjV.1","action":"SyncServerConnectionManagerRequest", "result":"SYNC_SERVER_OK", "context":{"environment":"Prod_westeurope_prod-s01-079-eur-westeurope", "migrationStage":"NotStarted", "server":"akswtt00200000f"}}
{"logTime": "0527/145943", "correlationVector":"s3fZj3LdwAffysfIScbHjV.2","action":"ProcessGetUpdates", "result":"Done", "context":{"dataType":"History", "deleted":"0", "process_failed_to_decrypt":"0", "process_pending_decryption":"0", "process_success":"250", "total":"250"}}
{"logTime": "0527/145943", "correlationVector":"s3fZj3LdwAffysfIScbHjV.3","action":"GetUpdates Response", "result":"Success", "context":Received 250 update(s). cV=s3fZj3LdwAffysfIScbHjV.0;server=akswtt00200000f;cloudType=Consumer;environment=Prod_westeurope_prod-s01-079-eur-westeurope;migrationStage=NotStarted Some updates remain.}
{"logTime": "0527/145943", "correlationVector":"oKUzF2GmUfE8Ij/oWbVZiI","action":"Initial GetUpdates", "result":"", "context":Reason: NEWLY_SUPPORTED_DATATYPE. cV=oKUzF2GmUfE8Ij/oWbVZiI}
{"logTime": "0527/145944", "correlationVector":"oKUzF2GmUfE8Ij/oWbVZiI.1","action":"SyncServerConnectionManagerRequest", "result":"SYNC_SERVER_OK", "context":{"environment":"Prod_westeurope_prod-s01-079-eur-westeurope", "migrationStage":"NotStarted", "server":"akswtt00200000i"}}
{"logTime": "0527/145944", "correlationVector":"oKUzF2GmUfE8Ij/oWbVZiI.2","action":"ProcessGetUpdates", "result":"Done", "context":{"dataType":"History", "deleted":"0", "process_failed_to_decrypt":"0", "process_pending_decryption":"0", "process_success":"250", "total":"250"}}
{"logTime": "0527/145944", "correlationVector":"oKUzF2GmUfE8Ij/oWbVZiI.3","action":"GetUpdates Response", "result":"Success", "context":Received 250 update(s). cV=oKUzF2GmUfE8Ij/oWbVZiI.0;server=akswtt00200000i;cloudType=Consumer;environment=Prod_westeurope_prod-s01-079-eur-westeurope;migrationStage=NotStarted Some updates remain.}
{"logTime": "0527/145944", "correlationVector":"4pDKHVsjgPdpA6hJ/etieD","action":"Initial GetUpdates", "result":"", "context":Reason: NEWLY_SUPPORTED_DATATYPE. cV=4pDKHVsjgPdpA6hJ/etieD}
{"logTime": "0527/145945", "correlationVector":"4pDKHVsjgPdpA6hJ/etieD.1","action":"SyncServerConnectionManagerRequest", "result":"SYNC_SERVER_OK", "context":{"environment":"Prod_westeurope_prod-s01-079-eur-westeurope", "migrationStage":"NotStarted", "server":"akswtt00200000m"}}
{"logTime": "0527/145945", "correlationVector":"4pDKHVsjgPdpA6hJ/etieD.2","action":"ProcessGetUpdates", "result":"Done", "context":{"dataType":"History", "deleted":"0", "process_failed_to_decrypt":"0", "process_pending_decryption":"0", "process_success":"250", "total":"250"}}
{"logTime": "0527/145945", "correlationVector":"4pDKHVsjgPdpA6hJ/etieD.3","action":"GetUpdates Response", "result":"Success", "context":Received 250 update(s). cV=4pDKHVsjgPdpA6hJ/etieD.0;server=akswtt00200000m;cloudType=Consumer;environment=Prod_westeurope_prod-s01-079-eur-westeurope;migrationStage=NotStarted Some updates remain.}
{"logTime": "0527/145945", "correlationVector":"Y0WTHCS56jp9IHDKplKtT2","action":"Initial GetUpdates", "result":"", "context":Reason: NEWLY_SUPPORTED_DATATYPE. cV=Y0WTHCS56jp9IHDKplKtT2}
{"logTime": "0527/145946", "correlationVector":"Y0WTHCS56jp9IHDKplKtT2.1","action":"SyncServerConnectionManagerRequest", "result":"SYNC_SERVER_OK", "context":{"environment":"Prod_westeurope_prod-s01-079-eur-westeurope", "migrationStage":"NotStarted", "server":"akswtt002000009"}}
{"logTime": "0527/145946", "correlationVector":"Y0WTHCS56jp9IHDKplKtT2.2","action":"ProcessGetUpdates", "result":"Done", "context":{"dataType":"History", "deleted":"0", "process_failed_to_decrypt":"0", "process_pending_decryption":"0", "process_success":"250", "total":"250"}}
{"logTime": "0527/145946", "correlationVector":"Y0WTHCS56jp9IHDKplKtT2.3","action":"GetUpdates Response", "result":"Success", "context":Received 250 update(s). cV=Y0WTHCS56jp9IHDKplKtT2.0;server=akswtt002000009;cloudType=Consumer;environment=Prod_westeurope_prod-s01-079-eur-westeurope;migrationStage=NotStarted Some updates remain.}
{"logTime": "0527/145946", "correlationVector":"85vDYgKR7rMiR6o36qkJnA","action":"Initial GetUpdates", "result":"", "context":Reason: NEWLY_SUPPORTED_DATATYPE. cV=85vDYgKR7rMiR6o36qkJnA}
{"logTime": "0527/145946", "correlationVector":"85vDYgKR7rMiR6o36qkJnA.1","action":"SyncServerConnectionManagerRequest", "result":"SYNC_SERVER_OK", "context":{"environment":"Prod_germanywestcentral_prod-s01-011-eur-germanywestcentral", "migrationStage":"NotStarted", "server":"akswtt10100001y"}}
{"logTime": "0527/145946", "correlationVector":"85vDYgKR7rMiR6o36qkJnA.2","action":"ProcessGetUpdates", "result":"Done", "context":{"dataType":"History", "deleted":"0", "process_failed_to_decrypt":"0", "process_pending_decryption":"0", "process_success":"250", "total":"250"}}
{"logTime": "0527/145946", "correlationVector":"85vDYgKR7rMiR6o36qkJnA.3","action":"GetUpdates Response", "result":"Success", "context":Received 250 update(s). cV=85vDYgKR7rMiR6o36qkJnA.0;server=akswtt10100001y;cloudType=Consumer;environment=Prod_germanywestcentral_prod-s01-011-eur-germanywestcentral;migrationStage=NotStarted Some updates remain.}
{"logTime": "0527/145946", "correlationVector":"NCHTtAQsjVGZJRhLXDVT/4","action":"Initial GetUpdates", "result":"", "context":Reason: NEWLY_SUPPORTED_DATATYPE. cV=NCHTtAQsjVGZJRhLXDVT/4}
{"logTime": "0527/145947", "correlationVector":"NCHTtAQsjVGZJRhLXDVT/4.1","action":"SyncServerConnectionManagerRequest", "result":"SYNC_SERVER_OK", "context":{"environment":"Prod_germanywestcentral_prod-s01-011-eur-germanywestcentral", "migrationStage":"NotStarted", "server":"akswtt10100000f"}}
{"logTime": "0527/145947", "correlationVector":"NCHTtAQsjVGZJRhLXDVT/4.2","action":"ProcessGetUpdates", "result":"Done", "context":{"dataType":"History", "deleted":"0", "process_failed_to_decrypt":"0", "process_pending_decryption":"0", "process_success":"250", "total":"250"}}
{"logTime": "0527/145947", "correlationVector":"NCHTtAQsjVGZJRhLXDVT/4.3","action":"GetUpdates Response", "result":"Success", "context":Received 250 update(s). cV=NCHTtAQsjVGZJRhLXDVT/4.0;server=akswtt10100000f;cloudType=Consumer;environment=Prod_germanywestcentral_prod-s01-011-eur-germanywestcentral;migrationStage=NotStarted Some updates remain.}
{"logTime": "0527/145947", "correlationVector":"BZdlUHVMYrXglobYWk6MPJ","action":"Initial GetUpdates", "result":"", "context":Reason: NEWLY_SUPPORTED_DATATYPE. cV=BZdlUHVMYrXglobYWk6MPJ}
{"logTime": "0527/145948", "correlationVector":"BZdlUHVMYrXglobYWk6MPJ.1","action":"SyncServerConnectionManagerRequest", "result":"SYNC_SERVER_OK", "context":{"environment":"Prod_germanywestcentral_prod-s01-011-eur-germanywestcentral", "migrationStage":"NotStarted", "server":"akswtt10100000z"}}
{"logTime": "0527/145948", "correlationVector":"BZdlUHVMYrXglobYWk6MPJ.2","action":"ProcessGetUpdates", "result":"Done", "context":{"dataType":"History", "deleted":"0", "process_failed_to_decrypt":"0", "process_pending_decryption":"0", "process_success":"250", "total":"250"}}
{"logTime": "0527/145948", "correlationVector":"BZdlUHVMYrXglobYWk6MPJ.3","action":"GetUpdates Response", "result":"Success", "context":Received 250 update(s). cV=BZdlUHVMYrXglobYWk6MPJ.0;server=akswtt10100000z;cloudType=Consumer;environment=Prod_germanywestcentral_prod-s01-011-eur-germanywestcentral;migrationStage=NotStarted Some updates remain.}
{"logTime": "0527/145948", "correlationVector":"fKgrBwMvpUqtgldr/5cD0G","action":"Initial GetUpdates", "result":"", "context":Reason: NEWLY_SUPPORTED_DATATYPE. cV=fKgrBwMvpUqtgldr/5cD0G}
{"logTime": "0527/145948", "correlationVector":"fKgrBwMvpUqtgldr/5cD0G.1","action":"SyncServerConnectionManagerRequest", "result":"SYNC_SERVER_OK", "context":{"environment":"Prod_germanywestcentral_prod-s01-011-eur-germanywestcentral", "migrationStage":"NotStarted", "server":"akswtt101000000"}}
{"logTime": "0527/145948", "correlationVector":"fKgrBwMvpUqtgldr/5cD0G.2","action":"ProcessGetUpdates", "result":"Done", "context":{"dataType":"History", "deleted":"0", "process_failed_to_decrypt":"0", "process_pending_decryption":"0", "process_success":"250", "total":"250"}}
{"logTime": "0527/145948", "correlationVector":"fKgrBwMvpUqtgldr/5cD0G.3","action":"GetUpdates Response", "result":"Success", "context":Received 250 update(s). cV=fKgrBwMvpUqtgldr/5cD0G.0;server=akswtt101000000;cloudType=Consumer;environment=Prod_germanywestcentral_prod-s01-011-eur-germanywestcentral;migrationStage=NotStarted Some updates remain.}
{"logTime": "0527/145948", "correlationVector":"ko9XgUHEvZhB8kMLHVYpeA","action":"Initial GetUpdates", "result":"", "context":Reason: NEWLY_SUPPORTED_DATATYPE. cV=ko9XgUHEvZhB8kMLHVYpeA}
{"logTime": "0527/145949", "correlationVector":"ko9XgUHEvZhB8kMLHVYpeA.1","action":"SyncServerConnectionManagerRequest", "result":"SYNC_SERVER_OK", "context":{"environment":"Prod_germanywestcentral_prod-s01-011-eur-germanywestcentral", "migrationStage":"NotStarted", "server":"akswtt10100000k"}}
{"logTime": "0527/145949", "correlationVector":"ko9XgUHEvZhB8kMLHVYpeA.2","action":"ProcessGetUpdates", "result":"Done", "context":{"dataType":"History", "deleted":"0", "process_failed_to_decrypt":"0", "process_pending_decryption":"0", "process_success":"92", "total":"92"}}
{"logTime": "0527/145949", "correlationVector":"ko9XgUHEvZhB8kMLHVYpeA.3","action":"GetUpdates Response", "result":"Success", "context":Received 92 update(s). cV=ko9XgUHEvZhB8kMLHVYpeA.0;server=akswtt10100000k;cloudType=Consumer;environment=Prod_germanywestcentral_prod-s01-011-eur-germanywestcentral;migrationStage=NotStarted}
{"logTime": "0527/145949", "correlationVector":"veCcq2Ite/Qh+6RyJVNzFY","action":"Normal GetUpdate request", "result":"", "context":cV=veCcq2Ite/Qh+6RyJVNzFY
Nudged types: Passwords, History
Refresh requested types: Bookmarks, Passwords, Autofill Profiles, Autofill, History, Edge Wallet, Encryption Keys}
{"logTime": "0527/145949", "correlationVector":"veCcq2Ite/Qh+6RyJVNzFY.1","action":"SyncServerConnectionManagerRequest", "result":"SYNC_SERVER_OK", "context":{"environment":"Prod_germanywestcentral_prod-s01-011-eur-germanywestcentral", "migrationStage":"NotStarted", "server":"akswtt101000000"}}
{"logTime": "0527/145949", "correlationVector":"veCcq2Ite/Qh+6RyJVNzFY.2","action":"GetUpdates Response", "result":"Success", "context":Received 0 update(s). cV=veCcq2Ite/Qh+6RyJVNzFY.0;server=akswtt101000000;cloudType=Consumer;environment=Prod_germanywestcentral_prod-s01-011-eur-germanywestcentral;migrationStage=NotStarted}
{"logTime": "0527/145949", "correlationVector":"4u5LiWhDTXpHeAxIYFwzXk","action":"Commit Request", "result":"", "context":Item count: 40
Contributing types: Passwords}
{"logTime": "0527/145956", "correlationVector":"4u5LiWhDTXpHeAxIYFwzXk.1","action":"SyncServerConnectionManagerRequest", "result":"SYNC_SERVER_OK", "context":{"environment":"Prod_germanywestcentral_prod-s01-011-eur-germanywestcentral", "migrationStage":"NotStarted", "server":"akswtt10100001p"}}
{"logTime": "0527/145956", "correlationVector":"4u5LiWhDTXpHeAxIYFwzXk.2","action":"Commit Response", "result":"Success", "context":Result: Success. cV=4u5LiWhDTXpHeAxIYFwzXk.0;server=akswtt10100001p;cloudType=Consumer;environment=Prod_germanywestcentral_prod-s01-011-eur-germanywestcentral;migrationStage=NotStarted}
{"logTime": "0527/145956", "correlationVector":"AJe8CdM4niFY0TqC1ecbdJ","action":"Commit Request", "result":"", "context":Item count: 10
Contributing types: Passwords, History}
{"logTime": "0527/145958", "correlationVector":"AJe8CdM4niFY0TqC1ecbdJ.1","action":"SyncServerConnectionManagerRequest", "result":"SYNC_SERVER_OK", "context":{"environment":"Prod_germanywestcentral_prod-s01-011-eur-germanywestcentral", "migrationStage":"NotStarted", "server":"akswtt101000015"}}
{"logTime": "0527/145958", "correlationVector":"AJe8CdM4niFY0TqC1ecbdJ.2","action":"Commit Response", "result":"Success", "context":Result: Success. cV=AJe8CdM4niFY0TqC1ecbdJ.0;server=akswtt101000015;cloudType=Consumer;environment=Prod_germanywestcentral_prod-s01-011-eur-germanywestcentral;migrationStage=NotStarted}
{"logTime": "0527/150059", "correlationVector":"mel44OMyI1+t9aykwczkf1","action":"Commit Request", "result":"", "context":Item count: 5
Contributing types: History}
{"logTime": "0527/150100", "correlationVector":"mel44OMyI1+t9aykwczkf1.1","action":"SyncServerConnectionManagerRequest", "result":"SYNC_SERVER_OK", "context":{"environment":"Prod_germanywestcentral_prod-s01-011-eur-germanywestcentral", "migrationStage":"NotStarted", "server":"akswtt101000003"}}
{"logTime": "0527/150100", "correlationVector":"mel44OMyI1+t9aykwczkf1.2","action":"Commit Response", "result":"Success", "context":Result: Success. cV=mel44OMyI1+t9aykwczkf1.0;server=akswtt101000003;cloudType=Consumer;environment=Prod_germanywestcentral_prod-s01-011-eur-germanywestcentral;migrationStage=NotStarted}
